BL51 BANKED LINKER/LOCATER V6.22                                                        04/28/2015  22:58:45  PAGE 1


BL51 BANKED LINKER/LOCATER V6.22, INVOKED BY:
D:\PROGRAM FILES\KEIL\C51\BIN\BL51.EXE ..\Output\main.obj, ..\Output\delay.obj, ..\Output\uart.obj TO ..\Output\GPRS≤‚ ‘
>> ≥Ã–Ú£®∂ØÃ¨IP£© PRINT (..\Listing\GPRS≤‚ ‘≥Ã–Ú£®∂ØÃ¨IP£©.m51) RAMSIZE (256)


MEMORY MODEL: SMALL


INPUT MODULES INCLUDED:
  ..\Output\main.obj (MAIN)
  ..\Output\delay.obj (DELAY)
  ..\Output\uart.obj (UART)
  D:\PROGRAM FILES\KEIL\C51\LIB\C51S.LIB (?C_STARTUP)
  D:\PROGRAM FILES\KEIL\C51\LIB\C51S.LIB (?C?CLDPTR)
  D:\PROGRAM FILES\KEIL\C51\LIB\C51S.LIB (STRSTR)
  D:\PROGRAM FILES\KEIL\C51\LIB\C51S.LIB (?C_INIT)


LINK MAP OF MODULE:  ..\Output\GPRS≤‚ ‘≥Ã–Ú£®∂ØÃ¨IP£© (MAIN)


            TYPE    BASE      LENGTH    RELOCATION   SEGMENT NAME
            -----------------------------------------------------

            * * * * * * *   D A T A   M E M O R Y   * * * * * * *
            REG     0000H     0008H     ABSOLUTE     "REG BANK 0"
            DATA    0008H     0009H     UNIT         ?DT?MAIN
                    0011H     000FH                  *** GAP ***
            DATA    0020H     0001H     BIT_ADDR     ?BA?MAIN
            DATA    0021H     001AH     UNIT         _DATA_GROUP_
            IDATA   003BH     0001H     UNIT         ?STACK

            * * * * * * *  X D A T A   M E M O R Y  * * * * * * *
            XDATA   0000H     0104H     UNIT         ?XD?MAIN

            * * * * * * *   C O D E   M E M O R Y   * * * * * * *
            CODE    0000H     0003H     ABSOLUTE     
                    0003H     0008H                  *** GAP ***
            CODE    000BH     0003H     ABSOLUTE     
            CODE    000EH     0015H     UNIT         ?PR?SET_ATE0?MAIN
            CODE    0023H     0003H     ABSOLUTE     
            CODE    0026H     0019H     UNIT         ?PR?UART1INIT?UART
                    003FH     0004H                  *** GAP ***
            CODE    0043H     0003H     ABSOLUTE     
            CODE    0046H     015AH     UNIT         ?CO?MAIN
            CODE    01A0H     00A6H     UNIT         ?PR?CONNECT_SERVER?MAIN
            CODE    0246H     008CH     UNIT         ?C_C51STARTUP
            CODE    02D2H     0082H     UNIT         ?PR?_STRSTR?STRSTR
            CODE    0354H     007AH     UNIT         ?PR?REC_SERVER_DATA?MAIN
            CODE    03CEH     0068H     UNIT         ?PR?_SECOND_AT_COMMAND?MAIN
            CODE    0436H     0062H     UNIT         ?PR?TIMER0_ISR?MAIN
            CODE    0498H     0060H     UNIT         ?PR?WAIT_CREG?MAIN
            CODE    04F8H     0051H     UNIT         ?PR?MAIN?MAIN
            CODE    0549H     0041H     UNIT         ?PR?UART2?MAIN
            CODE    058AH     002AH     UNIT         ?PR?SEND_OK?MAIN
            CODE    05B4H     0025H     UNIT         ?PR?_UART1_SENDSTRING?UART
            CODE    05D9H     0025H     UNIT         ?PR?_UART2_SENDSTRING?UART
            CODE    05FEH     0020H     UNIT         ?PR?_FIND?MAIN
BL51 BANKED LINKER/LOCATER V6.22                                                      04/28/2015  22:58:45  PAGE 2


            CODE    061EH     0019H     UNIT         ?C?LIB_CODE
            CODE    0637H     0017H     UNIT         ?PR?_DELAY_MS?DELAY
            CODE    064EH     0016H     UNIT         ?C_INITSEG
            CODE    0664H     0013H     UNIT         ?PR?TIMER0INIT?MAIN
            CODE    0677H     0013H     UNIT         ?PR?UART2INIT?UART
            CODE    068AH     0011H     UNIT         ?PR?_UART2_SENDDATA?UART
            CODE    069BH     0010H     UNIT         ?PR?CLR_BUF2?MAIN
            CODE    06ABH     000CH     UNIT         ?PR?_UART1_SENDDATA?UART
            CODE    06B7H     000BH     UNIT         ?PR?UART1?MAIN
            CODE    06C2H     000BH     UNIT         ?PR?GPIO_CONFIG?MAIN



OVERLAY MAP OF MODULE:   ..\Output\GPRS≤‚ ‘≥Ã–Ú£®∂ØÃ¨IP£© (MAIN)


SEGMENT                               DATA_GROUP 
  +--> CALLED SEGMENT               START    LENGTH
---------------------------------------------------
?C_C51STARTUP                       -----    -----
  +--> ?PR?MAIN?MAIN
  +--> ?C_INITSEG

?PR?MAIN?MAIN                       -----    -----
  +--> ?PR?GPIO_CONFIG?MAIN
  +--> ?PR?UART1INIT?UART
  +--> ?PR?UART2INIT?UART
  +--> ?PR?TIMER0INIT?MAIN
  +--> ?CO?MAIN
  +--> ?PR?_UART1_SENDSTRING?UART
  +--> ?PR?WAIT_CREG?MAIN
  +--> ?PR?SET_ATE0?MAIN
  +--> ?PR?CONNECT_SERVER?MAIN
  +--> ?PR?REC_SERVER_DATA?MAIN
  +--> ?PR?SEND_OK?MAIN

?PR?_UART1_SENDSTRING?UART          0022H    0003H
  +--> ?PR?_UART1_SENDDATA?UART

?PR?WAIT_CREG?MAIN                  0021H    0001H
  +--> ?PR?CLR_BUF2?MAIN
  +--> ?CO?MAIN
  +--> ?PR?_UART2_SENDSTRING?UART
  +--> ?PR?_UART2_SENDDATA?UART
  +--> ?PR?_DELAY_MS?DELAY
  +--> ?PR?_UART1_SENDSTRING?UART

?PR?_UART2_SENDSTRING?UART          0022H    0003H
  +--> ?PR?_UART2_SENDDATA?UART

?PR?SET_ATE0?MAIN                   -----    -----
  +--> ?CO?MAIN
  +--> ?PR?_SECOND_AT_COMMAND?MAIN

?PR?_SECOND_AT_COMMAND?MAIN         0021H    000BH
  +--> ?PR?CLR_BUF2?MAIN
  +--> ?PR?_FIND?MAIN
BL51 BANKED LINKER/LOCATER V6.22                                                      04/28/2015  22:58:45  PAGE 3


  +--> ?PR?_UART2_SENDDATA?UART

?PR?_FIND?MAIN                      002CH    0003H
  +--> ?PR?_STRSTR?STRSTR

?PR?_STRSTR?STRSTR                  002FH    000CH

?PR?CONNECT_SERVER?MAIN             -----    -----
  +--> ?CO?MAIN
  +--> ?PR?_UART2_SENDSTRING?UART
  +--> ?PR?_SECOND_AT_COMMAND?MAIN
  +--> ?PR?_DELAY_MS?DELAY
  +--> ?PR?CLR_BUF2?MAIN

?PR?REC_SERVER_DATA?MAIN            -----    -----
  +--> ?CO?MAIN
  +--> ?PR?_STRSTR?STRSTR
  +--> ?PR?_DELAY_MS?DELAY
  +--> ?PR?_UART1_SENDSTRING?UART
  +--> ?PR?_UART1_SENDDATA?UART
  +--> ?PR?CLR_BUF2?MAIN

?PR?SEND_OK?MAIN                    -----    -----
  +--> ?CO?MAIN
  +--> ?PR?_SECOND_AT_COMMAND?MAIN

?C_INITSEG                          -----    -----
  +--> ?CO?MAIN



SYMBOL TABLE OF MODULE:  ..\Output\GPRS≤‚ ‘≥Ã–Ú£®∂ØÃ¨IP£© (MAIN)

  VALUE           TYPE          NAME
  ----------------------------------

  -------         MODULE        MAIN
  C:0000H         SYMBOL        _ICE_DUMMY_
  D:0080H         PUBLIC        P0
  D:00B2H         PUBLIC        P3M0
  D:0090H         PUBLIC        P1
  D:00B1H         PUBLIC        P3M1
  D:00A0H         PUBLIC        P2
  C:05FEH         PUBLIC        _Find
  D:00B0H         PUBLIC        P3
  C:0436H         PUBLIC        Timer0_ISR
  D:00C0H         PUBLIC        P4
  D:0009H         PUBLIC        Times
  D:00C8H         PUBLIC        P5
  B:00A8H.7       PUBLIC        EA
  C:058AH         PUBLIC        Send_OK
  C:06C2H         PUBLIC        GPIO_config
  B:00A0H.1       PUBLIC        RUNING_LED
  D:00A8H         PUBLIC        IE
  C:069BH         PUBLIC        CLR_Buf2
  D:000AH         PUBLIC        Heartbeat
  D:000CH         PUBLIC        First_Int
BL51 BANKED LINKER/LOCATER V6.22                                                      04/28/2015  22:58:45  PAGE 4


  C:000EH         PUBLIC        Set_ATE0
  D:00B8H         PUBLIC        IP
  C:0498H         PUBLIC        Wait_CREG
  D:000DH         PUBLIC        string
  B:0098H.0       PUBLIC        RI
  B:0098H.1       PUBLIC        TI
  D:00D8H         PUBLIC        CCON
  C:04F8H         PUBLIC        main
  C:01A0H         PUBLIC        Connect_Server
  D:0098H         PUBLIC        SCON
  D:0089H         PUBLIC        TMOD
  D:0088H         PUBLIC        TCON
  D:00AFH         PUBLIC        IE2
  D:00F0H         PUBLIC        B
  D:008EH         PUBLIC        AUXR
  B:0020H.0       PUBLIC        Timer0_start
  D:00E0H         PUBLIC        ACC
  B:00A8H.1       PUBLIC        ET0
  B:0088H.5       PUBLIC        TF0
  C:0664H         PUBLIC        Timer0Init
  D:008CH         PUBLIC        TH0
  X:0000H         PUBLIC        Uart1_Buf
  C:06B7H         PUBLIC        Uart1
  X:003CH         PUBLIC        Uart2_Buf
  C:0549H         PUBLIC        Uart2
  D:008AH         PUBLIC        TL0
  C:0354H         PUBLIC        Rec_Server_Data
  B:00B0H.3       PUBLIC        LED
  B:0088H.4       PUBLIC        TR0
  D:009BH         PUBLIC        S2BUF
  D:009AH         PUBLIC        S2CON
  D:0010H         PUBLIC        shijian
  B:0020H.1       PUBLIC        Heart_beat
  C:03CEH         PUBLIC        _Second_AT_Command
  D:00D0H         PUBLIC        PSW
  D:0020H         PUBLIC        Flag
  -------         PROC          MAIN
  C:04F8H         LINE#         63
  C:04F8H         LINE#         64
  C:04F8H         LINE#         65
  C:04FBH         LINE#         66
  C:04FEH         LINE#         67
  C:0501H         LINE#         68
  C:0504H         LINE#         69
  C:0506H         LINE#         70
  C:050FH         LINE#         71
  C:0518H         LINE#         72
  C:051BH         LINE#         73
  C:0524H         LINE#         74
  C:052DH         LINE#         75
  C:0530H         LINE#         76
  C:0533H         LINE#         77
  C:053CH         LINE#         78
  C:053CH         LINE#         79
  C:053CH         LINE#         80
  C:053FH         LINE#         82
  C:0542H         LINE#         83
BL51 BANKED LINKER/LOCATER V6.22                                                      04/28/2015  22:58:45  PAGE 5


  C:0542H         LINE#         84
  C:0545H         LINE#         85
  C:0547H         LINE#         86
  C:0547H         LINE#         87
  -------         ENDPROC       MAIN
  -------         PROC          UART1
  C:06B7H         LINE#         98
  C:06B7H         LINE#         100
  C:06BAH         LINE#         101
  C:06BAH         LINE#         102
  C:06BCH         LINE#         103
  C:06BCH         LINE#         104
  C:06BFH         LINE#         105
  C:06BFH         LINE#         106
  C:06C1H         LINE#         107
  C:06C1H         LINE#         108
  -------         ENDPROC       UART1
  -------         PROC          UART2
  C:0549H         LINE#         118
  C:0551H         LINE#         120
  C:0554H         LINE#         121
  C:0559H         LINE#         122
  C:0559H         LINE#         123
  C:055CH         LINE#         124
  C:056AH         LINE#         125
  C:056CH         LINE#         126
  C:0573H         LINE#         127
  C:0573H         LINE#         128
  C:0576H         LINE#         129
  C:0576H         LINE#         130
  C:0576H         LINE#         131
  C:057BH         LINE#         132
  C:057BH         LINE#         133
  C:057EH         LINE#         134
  C:057EH         LINE#         135
  C:0581H         LINE#         136
  -------         ENDPROC       UART2
  -------         PROC          TIMER0_ISR
  -------         DO            
  D:0008H         SYMBOL        Time_count
  -------         ENDDO         
  C:0436H         LINE#         145
  C:0443H         LINE#         148
  C:0445H         LINE#         149
  C:0447H         LINE#         150
  C:044EH         LINE#         151
  C:044EH         LINE#         152
  C:0451H         LINE#         153
  C:0453H         LINE#         154
  C:0453H         LINE#         155
  C:045BH         LINE#         156
  C:0464H         LINE#         157
  C:0464H         LINE#         158
  C:046AH         LINE#         159
  C:046CH         LINE#         160
  C:046CH         LINE#         161
  C:046FH         LINE#         162
BL51 BANKED LINKER/LOCATER V6.22                                                      04/28/2015  22:58:45  PAGE 6


  C:0471H         LINE#         163
  C:0486H         LINE#         164
  C:0486H         LINE#         165
  C:0488H         LINE#         166
  C:048BH         LINE#         167
  C:048BH         LINE#         168
  C:048DH         LINE#         169
  -------         ENDPROC       TIMER0_ISR
  -------         PROC          GPIO_CONFIG
  C:06C2H         LINE#         178
  C:06C2H         LINE#         179
  C:06C2H         LINE#         180
  C:06C5H         LINE#         181
  C:06C8H         LINE#         182
  C:06CAH         LINE#         183
  C:06CCH         LINE#         184
  -------         ENDPROC       GPIO_CONFIG
  -------         PROC          TIMER0INIT
  C:0664H         LINE#         193
  C:0664H         LINE#         194
  C:0664H         LINE#         195
  C:0667H         LINE#         196
  C:066AH         LINE#         197
  C:066DH         LINE#         198
  C:0670H         LINE#         199
  C:0672H         LINE#         200
  C:0674H         LINE#         201
  C:0676H         LINE#         202
  -------         ENDPROC       TIMER0INIT
  -------         PROC          CLR_BUF2
  -------         DO            
  D:0006H         SYMBOL        k
  -------         ENDDO         
  C:069BH         LINE#         212
  C:069BH         LINE#         213
  C:069BH         LINE#         215
  C:069DH         LINE#         216
  C:069DH         LINE#         217
  C:06A7H         LINE#         218
  C:06A7H         LINE#         219
  C:06AAH         LINE#         220
  -------         ENDPROC       CLR_BUF2
  -------         PROC          WAIT_CREG
  -------         DO            
  D:0021H         SYMBOL        i
  D:0007H         SYMBOL        k
  -------         ENDDO         
  C:0498H         LINE#         230
  C:0498H         LINE#         231
  C:0498H         LINE#         234
  C:049BH         LINE#         235
  C:049EH         LINE#         236
  C:04A2H         LINE#         237
  C:04A2H         LINE#         238
  C:04A5H         LINE#         239
  C:04AEH         LINE#         240
  C:04B8H         LINE#         241
BL51 BANKED LINKER/LOCATER V6.22                                                      04/28/2015  22:58:45  PAGE 7


  C:04BFH         LINE#         242
  C:04C1H         LINE#         243
  C:04C1H         LINE#         244
  C:04CFH         LINE#         245
  C:04CFH         LINE#         246
  C:04E3H         LINE#         247
  C:04E3H         LINE#         248
  C:04E6H         LINE#         249
  C:04E8H         LINE#         250
  C:04E8H         LINE#         251
  C:04E8H         LINE#         252
  C:04ECH         LINE#         253
  C:04F5H         LINE#         254
  C:04F7H         LINE#         255
  -------         ENDPROC       WAIT_CREG
  -------         PROC          _FIND
  D:002CH         SYMBOL        a
  C:05FEH         LINE#         266
  C:0604H         LINE#         267
  C:0604H         LINE#         268
  C:0618H         LINE#         269
  C:061BH         LINE#         271
  C:061DH         LINE#         272
  -------         ENDPROC       _FIND
  -------         PROC          _SECOND_AT_COMMAND
  D:0021H         SYMBOL        b
  D:0024H         SYMBOL        a
  D:0027H         SYMBOL        wait_time
  -------         DO            
  D:0028H         SYMBOL        i
  D:0029H         SYMBOL        c
  -------         ENDDO         
  C:03CEH         LINE#         283
  C:03D4H         LINE#         284
  C:03D4H         LINE#         287
  C:03DAH         LINE#         288
  C:03DDH         LINE#         289
  C:03E0H         LINE#         290
  C:03E4H         LINE#         291
  C:03E4H         LINE#         292
  C:03F0H         LINE#         293
  C:03F0H         LINE#         294
  C:03F3H         LINE#         295
  C:03F3H         LINE#         296
  C:03FCH         LINE#         297
  C:0408H         LINE#         298
  C:0408H         LINE#         299
  C:040BH         LINE#         300
  C:0418H         LINE#         301
  C:0422H         LINE#         302
  C:0425H         LINE#         303
  C:0428H         LINE#         304
  C:042AH         LINE#         305
  C:042AH         LINE#         306
  C:042CH         LINE#         308
  C:042CH         LINE#         309
  C:042FH         LINE#         310
BL51 BANKED LINKER/LOCATER V6.22                                                      04/28/2015  22:58:45  PAGE 8


  C:0431H         LINE#         311
  C:0431H         LINE#         312
  C:0433H         LINE#         313
  -------         ENDPROC       _SECOND_AT_COMMAND
  -------         PROC          SET_ATE0
  C:000EH         LINE#         324
  C:000EH         LINE#         325
  C:000EH         LINE#         326
  -------         ENDPROC       SET_ATE0
  -------         PROC          CONNECT_SERVER
  C:01A0H         LINE#         336
  C:01A0H         LINE#         337
  C:01A0H         LINE#         338
  C:01A9H         LINE#         339
  C:01BEH         LINE#         340
  C:01D3H         LINE#         341
  C:01E8H         LINE#         342
  C:01FDH         LINE#         343
  C:0212H         LINE#         344
  C:0227H         LINE#         345
  C:023CH         LINE#         346
  C:0243H         LINE#         347
  -------         ENDPROC       CONNECT_SERVER
  -------         PROC          REC_SERVER_DATA
  C:0354H         LINE#         357
  C:0354H         LINE#         358
  C:0354H         LINE#         359
  C:036BH         LINE#         360
  C:036BH         LINE#         361
  C:0370H         LINE#         362
  C:0372H         LINE#         363
  C:0378H         LINE#         364
  C:038FH         LINE#         365
  C:038FH         LINE#         366
  C:0391H         LINE#         367
  C:0393H         LINE#         368
  C:03AAH         LINE#         369
  C:03AAH         LINE#         370
  C:03ACH         LINE#         371
  C:03ACH         LINE#         372
  C:03B5H         LINE#         373
  C:03BEH         LINE#         374
  C:03C8H         LINE#         375
  C:03CBH         LINE#         376
  C:03CDH         LINE#         377
  C:03CDH         LINE#         378
  -------         ENDPROC       REC_SERVER_DATA
  -------         PROC          SEND_OK
  C:058AH         LINE#         389
  C:058AH         LINE#         390
  C:058AH         LINE#         391
  C:059FH         LINE#         392
  -------         ENDPROC       SEND_OK
  -------         ENDMOD        MAIN

  -------         MODULE        DELAY
  C:0000H         SYMBOL        _ICE_DUMMY_
BL51 BANKED LINKER/LOCATER V6.22                                                      04/28/2015  22:58:45  PAGE 9


  D:0080H         PUBLIC        P0
  D:0090H         PUBLIC        P1
  D:00A0H         PUBLIC        P2
  D:00B0H         PUBLIC        P3
  D:00C0H         PUBLIC        P4
  D:00C8H         PUBLIC        P5
  D:00A8H         PUBLIC        IE
  D:00B8H         PUBLIC        IP
  D:00D8H         PUBLIC        CCON
  D:0098H         PUBLIC        SCON
  D:0088H         PUBLIC        TCON
  D:00F0H         PUBLIC        B
  D:00E0H         PUBLIC        ACC
  C:0637H         PUBLIC        _delay_ms
  D:00D0H         PUBLIC        PSW
  -------         PROC          _DELAY_MS
  D:0006H         SYMBOL        ms
  -------         DO            
  D:0004H         SYMBOL        i
  -------         ENDDO         
  C:0637H         LINE#         15
  C:0637H         LINE#         16
  C:0637H         LINE#         18
  C:0637H         LINE#         19
  C:063BH         LINE#         20
  C:0644H         LINE#         21
  C:064DH         LINE#         22
  -------         ENDPROC       _DELAY_MS
  -------         ENDMOD        DELAY

  -------         MODULE        UART
  C:0000H         SYMBOL        _ICE_DUMMY_
  D:0080H         PUBLIC        P0
  D:0090H         PUBLIC        P1
  D:00A0H         PUBLIC        P2
  D:00B0H         PUBLIC        P3
  D:00C0H         PUBLIC        P4
  D:00C8H         PUBLIC        P5
  D:00A8H         PUBLIC        IE
  B:00A8H.4       PUBLIC        ES
  D:00B8H         PUBLIC        IP
  B:0098H.1       PUBLIC        TI
  D:00D8H         PUBLIC        CCON
  D:0099H         PUBLIC        SBUF
  D:0098H         PUBLIC        SCON
  D:0089H         PUBLIC        TMOD
  D:0088H         PUBLIC        TCON
  D:00AFH         PUBLIC        IE2
  D:00F0H         PUBLIC        B
  D:008EH         PUBLIC        AUXR
  D:00E0H         PUBLIC        ACC
  B:00A8H.3       PUBLIC        ET1
  D:008DH         PUBLIC        TH1
  D:00D6H         PUBLIC        T2H
  D:008BH         PUBLIC        TL1
  D:00D7H         PUBLIC        T2L
  C:05B4H         PUBLIC        _UART1_SendString
BL51 BANKED LINKER/LOCATER V6.22                                                      04/28/2015  22:58:45  PAGE 10


  B:0088H.6       PUBLIC        TR1
  C:05D9H         PUBLIC        _UART2_SendString
  C:06ABH         PUBLIC        _UART1_SendData
  C:068AH         PUBLIC        _UART2_SendData
  D:009BH         PUBLIC        S2BUF
  C:0026H         PUBLIC        Uart1Init
  D:009AH         PUBLIC        S2CON
  C:0677H         PUBLIC        Uart2Init
  D:00D0H         PUBLIC        PSW
  -------         PROC          UART1INIT
  C:0026H         LINE#         4
  C:0026H         LINE#         5
  C:0026H         LINE#         6
  C:0029H         LINE#         7
  C:002CH         LINE#         8
  C:002FH         LINE#         9
  C:0032H         LINE#         10
  C:0035H         LINE#         11
  C:0038H         LINE#         12
  C:003AH         LINE#         13
  C:003CH         LINE#         14
  C:003EH         LINE#         15
  -------         ENDPROC       UART1INIT
  -------         PROC          UART2INIT
  C:0677H         LINE#         17
  C:0677H         LINE#         18
  C:0677H         LINE#         19
  C:067AH         LINE#         20
  C:067DH         LINE#         21
  C:0680H         LINE#         22
  C:0683H         LINE#         23
  C:0686H         LINE#         24
  C:0689H         LINE#         25
  -------         ENDPROC       UART2INIT
  -------         PROC          _UART1_SENDDATA
  D:0007H         SYMBOL        dat
  C:06ABH         LINE#         30
  C:06ABH         LINE#         31
  C:06ABH         LINE#         32
  C:06ADH         LINE#         33
  C:06AFH         LINE#         34
  C:06B2H         LINE#         35
  C:06B4H         LINE#         36
  C:06B6H         LINE#         37
  -------         ENDPROC       _UART1_SENDDATA
  -------         PROC          _UART1_SENDSTRING
  D:0022H         SYMBOL        s
  C:05B4H         LINE#         41
  C:05BAH         LINE#         42
  C:05BAH         LINE#         43
  C:05C5H         LINE#         44
  C:05C5H         LINE#         45
  C:05D6H         LINE#         46
  C:05D8H         LINE#         47
  -------         ENDPROC       _UART1_SENDSTRING
  -------         PROC          _UART2_SENDDATA
  D:0007H         SYMBOL        dat
BL51 BANKED LINKER/LOCATER V6.22                                                      04/28/2015  22:58:45  PAGE 11


  C:068AH         LINE#         52
  C:068AH         LINE#         53
  C:068AH         LINE#         54
  C:068DH         LINE#         55
  C:068FH         LINE#         56
  C:0694H         LINE#         57
  C:0697H         LINE#         58
  C:069AH         LINE#         59
  -------         ENDPROC       _UART2_SENDDATA
  -------         PROC          _UART2_SENDSTRING
  D:0022H         SYMBOL        s
  C:05D9H         LINE#         63
  C:05DFH         LINE#         64
  C:05DFH         LINE#         65
  C:05EAH         LINE#         66
  C:05EAH         LINE#         67
  C:05FBH         LINE#         68
  C:05FDH         LINE#         69
  -------         ENDPROC       _UART2_SENDSTRING
  -------         ENDMOD        UART

  -------         MODULE        ?C?CLDPTR
  C:061EH         PUBLIC        ?C?CLDPTR
  -------         ENDMOD        ?C?CLDPTR

  -------         MODULE        STRSTR
  D:002FH         PUBLIC        ?_strstr?BYTE
  C:02D2H         PUBLIC        _strstr
  -------         ENDMOD        STRSTR

Program Size: data=45.0 xdata=260 code=1729
LINK/LOCATE RUN COMPLETE.  0 WARNING(S),  0 ERROR(S)
