BL51 BANKED LINKER/LOCATER V6.22                                                        03/28/2017  13:53:23  PAGE 1


BL51 BANKED LINKER/LOCATER V6.22, INVOKED BY:
C:\KEIL_V5\C51\BIN\BL51.EXE ..\Output\main.obj, ..\Output\delay.obj, ..\Output\uart.obj TO ..\Output\GPRS≤‚ ‘≥Ã–Ú£®∂ØÃ¨I
>> P£© PRINT (..\Listing\GPRS≤‚ ‘≥Ã–Ú£®∂ØÃ¨IP£©.m51) RAMSIZE (256)


MEMORY MODEL: SMALL


INPUT MODULES INCLUDED:
  ..\Output\main.obj (MAIN)
  ..\Output\delay.obj (DELAY)
  ..\Output\uart.obj (UART)
  C:\KEIL_V5\C51\LIB\C51S.LIB (?C_STARTUP)
  C:\KEIL_V5\C51\LIB\C51S.LIB (?C?COPY)
  C:\KEIL_V5\C51\LIB\C51S.LIB (?C?CLDPTR)
  C:\KEIL_V5\C51\LIB\C51S.LIB (?C?CSTPTR)
  C:\KEIL_V5\C51\LIB\C51S.LIB (STRCAT)
  C:\KEIL_V5\C51\LIB\C51S.LIB (STRSTR)
  C:\KEIL_V5\C51\LIB\C51S.LIB (STRTOK)
  C:\KEIL_V5\C51\LIB\C51S.LIB (?C_INIT)
  C:\KEIL_V5\C51\LIB\C51S.LIB (STRSPN)
  C:\KEIL_V5\C51\LIB\C51S.LIB (STRPBRK)
  C:\KEIL_V5\C51\LIB\C51S.LIB (?C?CLDOPTR)


LINK MAP OF MODULE:  ..\Output\GPRS≤‚ ‘≥Ã–Ú£®∂ØÃ¨IP£© (MAIN)


            TYPE    BASE      LENGTH    RELOCATION   SEGMENT NAME
            -----------------------------------------------------

            * * * * * * *   D A T A   M E M O R Y   * * * * * * *
            REG     0000H     0008H     ABSOLUTE     "REG BANK 0"
            DATA    0008H     000BH     UNIT         ?DT?MAIN
            DATA    0013H     0003H     UNIT         ?DT?STRTOK
            DATA    0016H     0001H     UNIT         ?DT?DELAY
                    0017H     0009H                  *** GAP ***
            DATA    0020H     0001H     BIT_ADDR     ?BA?MAIN
            DATA    0021H     004FH     UNIT         _DATA_GROUP_
            IDATA   0070H     0001H     UNIT         ?STACK

            * * * * * * *  X D A T A   M E M O R Y  * * * * * * *
            XDATA   0000H     012CH     UNIT         ?XD?MAIN

            * * * * * * *   C O D E   M E M O R Y   * * * * * * *
            CODE    0000H     0003H     ABSOLUTE     
            CODE    0003H     0007H     UNIT         ?PR?_DELAY_MS?DELAY
                    000AH     0001H                  *** GAP ***
            CODE    000BH     0003H     ABSOLUTE     
            CODE    000EH     0010H     UNIT         ?PR?CLR_BUF1?MAIN
                    001EH     0005H                  *** GAP ***
            CODE    0023H     0003H     ABSOLUTE     
            CODE    0026H     0194H     UNIT         ?PR?GPS_DATT_HANDLE?MAIN
            CODE    01BAH     014EH     UNIT         ?C?LIB_CODE
            CODE    0308H     00E3H     UNIT         ?CO?MAIN
            CODE    03EBH     008CH     UNIT         ?C_C51STARTUP
            CODE    0477H     0082H     UNIT         ?PR?_STRSTR?STRSTR
            CODE    04F9H     0080H     UNIT         ?PR?_STRTOK?STRTOK
BL51 BANKED LINKER/LOCATER V6.22                                                      03/28/2017  13:53:23  PAGE 2


            CODE    0579H     007DH     UNIT         ?C_INITSEG
            CODE    05F6H     0069H     UNIT         ?PR?SET_TEXT_MODE?MAIN
            CODE    065FH     0066H     UNIT         ?PR?_SECOND_AT_COMMAND?MAIN
            CODE    06C5H     0061H     UNIT         ?PR?_STRSPN?STRSPN
            CODE    0726H     005DH     UNIT         ?PR?WAIT_CREG?MAIN
            CODE    0783H     005DH     UNIT         ?PR?_STRPBRK?STRPBRK
            CODE    07E0H     0058H     UNIT         ?PR?_STRCAT?STRCAT
            CODE    0838H     0055H     UNIT         ?PR?TIMER0_ISR?MAIN
            CODE    088DH     004EH     UNIT         ?PR?_SEND_TEXT_SMS?MAIN
            CODE    08DBH     0048H     UNIT         ?PR?MAIN?MAIN
            CODE    0923H     0035H     UNIT         ?PR?UART1?MAIN
            CODE    0958H     0025H     UNIT         ?PR?_UART1_SENDSTRING?UART
            CODE    097DH     0020H     UNIT         ?PR?_FIND?MAIN
            CODE    099DH     001FH     UNIT         ?PR?UART1INIT?UART
            CODE    09BCH     0016H     UNIT         ?PR?TIMER0INIT?MAIN
            CODE    09D2H     000CH     UNIT         ?PR?_UART1_SENDDATA?UART



OVERLAY MAP OF MODULE:   ..\Output\GPRS≤‚ ‘≥Ã–Ú£®∂ØÃ¨IP£© (MAIN)


SEGMENT                               DATA_GROUP 
  +--> CALLED SEGMENT               START    LENGTH
---------------------------------------------------
?C_C51STARTUP                       -----    -----
  +--> ?PR?MAIN?MAIN
  +--> ?C_INITSEG

?PR?MAIN?MAIN                       -----    -----
  +--> ?PR?TIMER0INIT?MAIN
  +--> ?PR?UART1INIT?UART
  +--> ?PR?WAIT_CREG?MAIN
  +--> ?PR?SET_TEXT_MODE?MAIN
  +--> ?CO?MAIN
  +--> ?PR?_SECOND_AT_COMMAND?MAIN
  +--> ?PR?_SEND_TEXT_SMS?MAIN
  +--> ?PR?_DELAY_MS?DELAY
  +--> ?PR?GPS_DATT_HANDLE?MAIN

?PR?WAIT_CREG?MAIN                  0021H    0002H
  +--> ?PR?CLR_BUF1?MAIN
  +--> ?CO?MAIN
  +--> ?PR?_UART1_SENDSTRING?UART
  +--> ?PR?_UART1_SENDDATA?UART
  +--> ?PR?_DELAY_MS?DELAY

?PR?_UART1_SENDSTRING?UART          0056H    0003H
  +--> ?PR?_UART1_SENDDATA?UART

?PR?SET_TEXT_MODE?MAIN              -----    -----
  +--> ?CO?MAIN
  +--> ?PR?_SECOND_AT_COMMAND?MAIN

?PR?_SECOND_AT_COMMAND?MAIN         0056H    000BH
  +--> ?PR?CLR_BUF1?MAIN
  +--> ?PR?_FIND?MAIN
BL51 BANKED LINKER/LOCATER V6.22                                                      03/28/2017  13:53:23  PAGE 3


  +--> ?PR?_UART1_SENDDATA?UART

?PR?_FIND?MAIN                      0061H    0003H
  +--> ?PR?_STRSTR?STRSTR

?PR?_STRSTR?STRSTR                  0064H    000CH

?PR?_SEND_TEXT_SMS?MAIN             0021H    0035H
  +--> ?CO?MAIN
  +--> ?PR?_STRCAT?STRCAT
  +--> ?PR?_SECOND_AT_COMMAND?MAIN
  +--> ?PR?_UART1_SENDSTRING?UART
  +--> ?PR?_UART1_SENDDATA?UART

?PR?_STRCAT?STRCAT                  0056H    0009H

?PR?GPS_DATT_HANDLE?MAIN            -----    -----
  +--> ?CO?MAIN
  +--> ?PR?_STRCAT?STRCAT
  +--> ?PR?_SECOND_AT_COMMAND?MAIN
  +--> ?PR?_STRSTR?STRSTR
  +--> ?PR?_STRTOK?STRTOK
  +--> ?PR?CLR_BUF1?MAIN

?PR?_STRTOK?STRTOK                  0021H    0006H
  +--> ?PR?_STRSPN?STRSPN
  +--> ?PR?_STRPBRK?STRPBRK

?PR?_STRSPN?STRSPN                  0027H    0008H

?PR?_STRPBRK?STRPBRK                0027H    0009H

?C_INITSEG                          -----    -----
  +--> ?CO?MAIN



SYMBOL TABLE OF MODULE:  ..\Output\GPRS≤‚ ‘≥Ã–Ú£®∂ØÃ¨IP£© (MAIN)

  VALUE           TYPE          NAME
  ----------------------------------

  -------         MODULE        MAIN
  C:0000H         SYMBOL        _ICE_DUMMY_
  X:0000H         PUBLIC        content
  D:0090H         PUBLIC        P1
  C:097DH         PUBLIC        _Find
  D:00B0H         PUBLIC        P3
  C:0838H         PUBLIC        Timer0_ISR
  D:0009H         PUBLIC        Times
  B:00A8H.7       PUBLIC        EA
  B:0090H.0       PUBLIC        RUNING_LED
  C:000EH         PUBLIC        CLR_Buf1
  D:000AH         PUBLIC        First_Int
  C:0726H         PUBLIC        Wait_CREG
  B:0098H.0       PUBLIC        RI
  C:05F6H         PUBLIC        Set_Text_Mode
BL51 BANKED LINKER/LOCATER V6.22                                                      03/28/2017  13:53:23  PAGE 4


  D:000BH         SYMBOL        phone
  B:0098H.1       PUBLIC        TI
  D:000EH         PUBLIC        p2
  C:08DBH         PUBLIC        main
  C:088DH         PUBLIC        _Send_Text_Sms
  C:0026H         PUBLIC        GPS_Datt_handle
  D:0099H         PUBLIC        SBUF
  D:0089H         PUBLIC        TMOD
  D:008EH         PUBLIC        AUXR
  C:03B9H         SYMBOL        _?ix1000
  B:0020H.0       PUBLIC        Timer0_start
  B:00A8H.1       PUBLIC        ET0
  B:0088H.5       PUBLIC        TF0
  C:09BCH         PUBLIC        Timer0Init
  D:008CH         PUBLIC        TH0
  X:0064H         PUBLIC        Uart1_Buf
  C:0923H         PUBLIC        Uart1
  D:008AH         PUBLIC        TL0
  B:0088H.4       PUBLIC        TR0
  B:00B0H.5       PUBLIC        KEY
  D:0011H         PUBLIC        key_buf
  D:0012H         PUBLIC        shijian
  B:0020H.1       PUBLIC        Heart_beat
  C:065FH         PUBLIC        _Second_AT_Command
  D:0020H         PUBLIC        Flag
  -------         PROC          UART1
  C:0923H         LINE#         48
  C:092BH         LINE#         50
  C:092EH         LINE#         51
  C:092EH         LINE#         52
  C:0930H         LINE#         53
  C:093EH         LINE#         54
  C:0940H         LINE#         55
  C:0947H         LINE#         56
  C:0947H         LINE#         57
  C:094AH         LINE#         58
  C:094AH         LINE#         59
  C:094AH         LINE#         60
  C:094DH         LINE#         61
  C:094DH         LINE#         62
  C:094FH         LINE#         63
  C:094FH         LINE#         64
  -------         ENDPROC       UART1
  -------         PROC          TIMER0INIT
  C:09BCH         LINE#         73
  C:09BCH         LINE#         74
  C:09BCH         LINE#         75
  C:09BFH         LINE#         76
  C:09C2H         LINE#         77
  C:09C5H         LINE#         78
  C:09C8H         LINE#         79
  C:09CBH         LINE#         80
  C:09CDH         LINE#         81
  C:09CFH         LINE#         82
  C:09D1H         LINE#         83
  -------         ENDPROC       TIMER0INIT
  -------         PROC          TIMER0_ISR
BL51 BANKED LINKER/LOCATER V6.22                                                      03/28/2017  13:53:23  PAGE 5


  -------         DO            
  D:0008H         SYMBOL        Time_count
  -------         ENDDO         
  C:0838H         LINE#         92
  C:0845H         LINE#         95
  C:0847H         LINE#         96
  C:084AH         LINE#         97
  C:084DH         LINE#         98
  C:084FH         LINE#         99
  C:0856H         LINE#         100
  C:0856H         LINE#         101
  C:0859H         LINE#         102
  C:085BH         LINE#         103
  C:085BH         LINE#         104
  C:085FH         LINE#         105
  C:0861H         LINE#         107
  C:0864H         LINE#         108
  C:0866H         LINE#         109
  C:087BH         LINE#         110
  C:087BH         LINE#         111
  C:087DH         LINE#         112
  C:0880H         LINE#         113
  C:0880H         LINE#         114
  C:0882H         LINE#         115
  -------         ENDPROC       TIMER0_ISR
  -------         PROC          CLR_BUF1
  -------         DO            
  D:0006H         SYMBOL        k
  -------         ENDDO         
  C:000EH         LINE#         124
  C:000EH         LINE#         125
  C:000EH         LINE#         127
  C:0010H         LINE#         128
  C:0010H         LINE#         129
  C:001AH         LINE#         130
  C:001AH         LINE#         131
  C:001DH         LINE#         132
  -------         ENDPROC       CLR_BUF1
  -------         PROC          WAIT_CREG
  -------         DO            
  D:0021H         SYMBOL        i
  D:0022H         SYMBOL        k
  -------         ENDDO         
  C:0726H         LINE#         141
  C:0726H         LINE#         142
  C:0726H         LINE#         145
  C:0729H         LINE#         146
  C:072CH         LINE#         147
  C:0730H         LINE#         148
  C:0730H         LINE#         149
  C:0733H         LINE#         150
  C:073CH         LINE#         151
  C:0746H         LINE#         152
  C:074BH         LINE#         153
  C:0755H         LINE#         154
  C:0755H         LINE#         155
  C:0764H         LINE#         156
BL51 BANKED LINKER/LOCATER V6.22                                                      03/28/2017  13:53:23  PAGE 6


  C:0764H         LINE#         157
  C:0779H         LINE#         158
  C:0779H         LINE#         159
  C:077CH         LINE#         160
  C:077EH         LINE#         161
  C:077EH         LINE#         162
  C:077EH         LINE#         163
  C:0782H         LINE#         164
  C:0782H         LINE#         165
  -------         ENDPROC       WAIT_CREG
  -------         PROC          _FIND
  D:0061H         SYMBOL        a
  C:097DH         LINE#         174
  C:0983H         LINE#         175
  C:0983H         LINE#         176
  C:0997H         LINE#         177
  C:099AH         LINE#         179
  C:099CH         LINE#         180
  -------         ENDPROC       _FIND
  -------         PROC          _SECOND_AT_COMMAND
  D:0056H         SYMBOL        b
  D:0059H         SYMBOL        a
  D:005CH         SYMBOL        wait_time
  -------         DO            
  D:005DH         SYMBOL        i
  D:005EH         SYMBOL        c
  -------         ENDDO         
  C:065FH         LINE#         189
  C:0665H         LINE#         190
  C:0665H         LINE#         193
  C:066BH         LINE#         194
  C:066EH         LINE#         195
  C:0671H         LINE#         196
  C:0675H         LINE#         197
  C:0675H         LINE#         198
  C:0681H         LINE#         199
  C:0681H         LINE#         200
  C:0684H         LINE#         201
  C:0684H         LINE#         202
  C:068DH         LINE#         203
  C:0699H         LINE#         204
  C:0699H         LINE#         205
  C:069CH         LINE#         206
  C:06A9H         LINE#         207
  C:06B3H         LINE#         208
  C:06B6H         LINE#         209
  C:06B9H         LINE#         210
  C:06BBH         LINE#         211
  C:06BBH         LINE#         212
  C:06BDH         LINE#         214
  C:06BDH         LINE#         215
  C:06C0H         LINE#         216
  C:06C2H         LINE#         217
  C:06C2H         LINE#         218
  C:06C4H         LINE#         220
  -------         ENDPROC       _SECOND_AT_COMMAND
  -------         PROC          SET_TEXT_MODE
BL51 BANKED LINKER/LOCATER V6.22                                                      03/28/2017  13:53:23  PAGE 7


  C:05F6H         LINE#         222
  C:05F6H         LINE#         223
  C:05F6H         LINE#         225
  C:060BH         LINE#         226
  C:0620H         LINE#         227
  C:0635H         LINE#         228
  C:064AH         LINE#         229
  -------         ENDPROC       SET_TEXT_MODE
  -------         PROC          _SEND_TEXT_SMS
  D:0021H         SYMBOL        temp_data
  -------         DO            
  D:0024H         SYMBOL        temp
  -------         ENDDO         
  C:088DH         LINE#         232
  C:0893H         LINE#         233
  C:0893H         LINE#         234
  C:08A6H         LINE#         236
  C:08B8H         LINE#         237
  C:08CDH         LINE#         238
  C:08D6H         LINE#         239
  -------         ENDPROC       _SEND_TEXT_SMS
  -------         PROC          GPS_DATT_HANDLE
  C:0026H         LINE#         241
  C:0026H         LINE#         242
  C:0026H         LINE#         243
  C:002BH         LINE#         244
  C:003DH         LINE#         245
  C:0052H         LINE#         246
  C:007BH         LINE#         247
  C:007BH         LINE#         248
  C:0085H         LINE#         249
  C:009DH         LINE#         250
  C:00A5H         LINE#         251
  C:00BDH         LINE#         252
  C:00C5H         LINE#         253
  C:00DDH         LINE#         254
  C:00E5H         LINE#         258
  C:00FDH         LINE#         259
  C:0105H         LINE#         261
  C:0117H         LINE#         262
  C:0129H         LINE#         263
  C:0141H         LINE#         264
  C:0149H         LINE#         266
  C:015BH         LINE#         267
  C:016DH         LINE#         268
  C:0185H         LINE#         269
  C:018DH         LINE#         271
  C:019FH         LINE#         272
  C:01B1H         LINE#         274
  C:01B4H         LINE#         275
  C:01B7H         LINE#         276
  C:01B7H         LINE#         277
  C:01B9H         LINE#         278
  -------         ENDPROC       GPS_DATT_HANDLE
  -------         PROC          MAIN
  C:08DBH         LINE#         288
  C:08DBH         LINE#         289
BL51 BANKED LINKER/LOCATER V6.22                                                      03/28/2017  13:53:23  PAGE 8


  C:08DBH         LINE#         290
  C:08DEH         LINE#         291
  C:08E0H         LINE#         292
  C:08E3H         LINE#         294
  C:08E6H         LINE#         295
  C:08E9H         LINE#         297
  C:08FEH         LINE#         303
  C:0907H         LINE#         304
  C:0907H         LINE#         305
  C:0907H         LINE#         306
  C:090FH         LINE#         307
  C:090FH         LINE#         308
  C:0912H         LINE#         309
  C:0912H         LINE#         310
  C:0918H         LINE#         311
  C:0921H         LINE#         312
  C:0921H         LINE#         313
  C:0921H         LINE#         314
  -------         ENDPROC       MAIN
  -------         ENDMOD        MAIN

  -------         MODULE        DELAY
  C:0000H         SYMBOL        _ICE_DUMMY_
  D:0016H         PUBLIC        count_20ms
  C:0003H         PUBLIC        _delay_ms
  -------         PROC          _DELAY_MS
  D:0007H         SYMBOL        ms
  C:0003H         LINE#         14
  C:0003H         LINE#         15
  C:0003H         LINE#         16
  C:0005H         LINE#         17
  C:0009H         LINE#         18
  -------         ENDPROC       _DELAY_MS
  -------         ENDMOD        DELAY

  -------         MODULE        UART
  C:0000H         SYMBOL        _ICE_DUMMY_
  B:00A8H.4       PUBLIC        ES
  B:0098H.1       PUBLIC        TI
  D:0099H         PUBLIC        SBUF
  D:0087H         PUBLIC        PCON
  D:0098H         PUBLIC        SCON
  D:0089H         PUBLIC        TMOD
  D:008EH         PUBLIC        AUXR
  B:00A8H.3       PUBLIC        ET1
  D:008DH         PUBLIC        TH1
  D:008BH         PUBLIC        TL1
  C:0958H         PUBLIC        _UART1_SendString
  B:0088H.6       PUBLIC        TR1
  C:09D2H         PUBLIC        _UART1_SendData
  C:099DH         PUBLIC        Uart1Init
  -------         PROC          UART1INIT
  C:099DH         LINE#         3
  C:099DH         LINE#         4
  C:099DH         LINE#         5
  C:09A0H         LINE#         6
  C:09A3H         LINE#         7
BL51 BANKED LINKER/LOCATER V6.22                                                      03/28/2017  13:53:23  PAGE 9


  C:09A6H         LINE#         8
  C:09A9H         LINE#         9
  C:09ACH         LINE#         10
  C:09AFH         LINE#         11
  C:09B2H         LINE#         12
  C:09B5H         LINE#         13
  C:09B7H         LINE#         14
  C:09B9H         LINE#         15
  C:09BBH         LINE#         16
  -------         ENDPROC       UART1INIT
  -------         PROC          _UART1_SENDDATA
  D:0007H         SYMBOL        dat
  C:09D2H         LINE#         20
  C:09D2H         LINE#         21
  C:09D2H         LINE#         22
  C:09D4H         LINE#         23
  C:09D6H         LINE#         24
  C:09D9H         LINE#         25
  C:09DBH         LINE#         26
  C:09DDH         LINE#         27
  -------         ENDPROC       _UART1_SENDDATA
  -------         PROC          _UART1_SENDSTRING
  D:0056H         SYMBOL        s
  C:0958H         LINE#         31
  C:095EH         LINE#         32
  C:095EH         LINE#         33
  C:0969H         LINE#         34
  C:0969H         LINE#         35
  C:097AH         LINE#         36
  C:097CH         LINE#         37
  -------         ENDPROC       _UART1_SENDSTRING
  -------         ENDMOD        UART

  -------         MODULE        ?C?COPY
  C:028AH         PUBLIC        ?C?COPY
  -------         ENDMOD        ?C?COPY

  -------         MODULE        ?C?CLDPTR
  C:02B0H         PUBLIC        ?C?CLDPTR
  -------         ENDMOD        ?C?CLDPTR

  -------         MODULE        ?C?CSTPTR
  C:02C9H         PUBLIC        ?C?CSTPTR
  -------         ENDMOD        ?C?CSTPTR

  -------         MODULE        STRCAT
  D:0056H         PUBLIC        ?_strcat?BYTE
  C:07E0H         PUBLIC        _strcat
  -------         ENDMOD        STRCAT

  -------         MODULE        STRSTR
  D:0064H         PUBLIC        ?_strstr?BYTE
  C:0477H         PUBLIC        _strstr
  -------         ENDMOD        STRSTR

  -------         MODULE        STRTOK
  D:0021H         PUBLIC        ?_strtok?BYTE
BL51 BANKED LINKER/LOCATER V6.22                                                      03/28/2017  13:53:23  PAGE 10


  C:04F9H         PUBLIC        _strtok
  -------         ENDMOD        STRTOK

  -------         MODULE        STRSPN
  D:0027H         PUBLIC        ?_strspn?BYTE
  C:06C5H         PUBLIC        _strspn
  -------         ENDMOD        STRSPN

  -------         MODULE        STRPBRK
  D:0027H         PUBLIC        ?_strpbrk?BYTE
  C:0783H         PUBLIC        _strpbrk
  -------         ENDMOD        STRPBRK

  -------         MODULE        ?C?CLDOPTR
  C:02DBH         PUBLIC        ?C?CLDOPTR
  -------         ENDMOD        ?C?CLDOPTR

Program Size: data=104.0 xdata=300 code=2520
LINK/LOCATE RUN COMPLETE.  0 WARNING(S),  0 ERROR(S)
