ARM Linker, 5.03 [Build 24] [MDK-ARM Standard]

==============================================================================

Section Cross References

    main.o(.text) refers to _printf_percent.o(.ARM.Collect$$_printf_percent$$00000000) for _printf_percent
    main.o(.text) refers to _printf_d.o(.ARM.Collect$$_printf_percent$$00000009) for _printf_d
    main.o(.text) refers to _printf_dec.o(.text) for _printf_int_dec
    main.o(.text) refers to usart2.o(.text) for USART2_CLR_Buf
    main.o(.text) refers to __2printf.o(.text) for __2printf
    main.o(.text) refers to delay.o(.text) for delay_ms
    main.o(.text) refers to strstr.o(.text) for strstr
    main.o(.text) refers to sys.o(.text) for NVIC_Configuration
    main.o(.text) refers to usart.o(.text) for uart_init
    main.o(.text) refers to led.o(.text) for Init_LEDpin
    main.o(.text) refers to rt_memclr_w.o(.text) for __aeabi_memclr4
    main.o(.text) refers to strcpy.o(.text) for strcpy
    main.o(.text) refers to strcat.o(.text) for strcat
    main.o(.text) refers to __2sprintf.o(.text) for __2sprintf
    main.o(.text) refers to main.o(.data) for Time_Cont
    main.o(.text) refers to usart2.o(.bss) for USART2_RX_BUF
    system_stm32f10x.o(.text) refers to system_stm32f10x.o(.data) for SystemCoreClock
    led.o(.text) refers to stm32f10x_rcc.o(.text) for RCC_APB2PeriphClockCmd
    led.o(.text) refers to stm32f10x_gpio.o(.text) for GPIO_Init
    usart2.o(.text) refers to stm32f10x_tim.o(.text) for TIM_SetCounter
    usart2.o(.text) refers to stm32f10x_usart.o(.text) for USART_GetITStatus
    usart2.o(.text) refers to rt_memclr_w.o(.text) for __aeabi_memclr4
    usart2.o(.text) refers to stm32f10x_rcc.o(.text) for RCC_APB1PeriphClockCmd
    usart2.o(.text) refers to misc.o(.text) for NVIC_Init
    usart2.o(.text) refers to stm32f10x_dma.o(.text) for DMA_DeInit
    usart2.o(.text) refers to stm32f10x_gpio.o(.text) for GPIO_Init
    usart2.o(.text) refers to c89vsprintf.o(.text) for __c89vsprintf
    usart2.o(.text) refers to strlen.o(.text) for strlen
    usart2.o(.text) refers to usart2.o(.data) for point2
    usart2.o(.text) refers to usart2.o(.bss) for USART2_RX_BUF
    startup_stm32f10x_md.o(STACK) refers (Special) to heapauxi.o(.text) for __use_two_region_memory
    startup_stm32f10x_md.o(HEAP) refers (Special) to heapauxi.o(.text) for __use_two_region_memory
    startup_stm32f10x_md.o(RESET) refers (Special) to heapauxi.o(.text) for __use_two_region_memory
    startup_stm32f10x_md.o(RESET) refers to startup_stm32f10x_md.o(STACK) for __initial_sp
    startup_stm32f10x_md.o(RESET) refers to startup_stm32f10x_md.o(.text) for Reset_Handler
    startup_stm32f10x_md.o(RESET) refers to stm32f10x_it.o(.text) for NMI_Handler
    startup_stm32f10x_md.o(RESET) refers to usart2.o(.text) for TIM4_IRQHandler
    startup_stm32f10x_md.o(RESET) refers to usart.o(.text) for USART1_IRQHandler
    startup_stm32f10x_md.o(.text) refers (Special) to heapauxi.o(.text) for __use_two_region_memory
    startup_stm32f10x_md.o(.text) refers to system_stm32f10x.o(.text) for SystemInit
    startup_stm32f10x_md.o(.text) refers to __main.o(!!!main) for __main
    startup_stm32f10x_md.o(.text) refers to startup_stm32f10x_md.o(HEAP) for Heap_Mem
    startup_stm32f10x_md.o(.text) refers to startup_stm32f10x_md.o(STACK) for Stack_Mem
    stm32f10x_gpio.o(.text) refers to stm32f10x_rcc.o(.text) for RCC_APB2PeriphResetCmd
    stm32f10x_rcc.o(.text) refers to stm32f10x_rcc.o(.data) for APBAHBPrescTable
    stm32f10x_usart.o(.text) refers to stm32f10x_rcc.o(.text) for RCC_APB2PeriphResetCmd
    stm32f10x_tim.o(.text) refers to stm32f10x_rcc.o(.text) for RCC_APB2PeriphResetCmd
    delay.o(.text) refers to misc.o(.text) for SysTick_CLKSourceConfig
    delay.o(.text) refers to system_stm32f10x.o(.data) for SystemCoreClock
    delay.o(.text) refers to delay.o(.data) for fac_us
    sys.o(.text) refers to misc.o(.text) for NVIC_PriorityGroupConfig
    usart.o(.text) refers (Special) to use_no_semi_2.o(.text) for __use_no_semihosting
    usart.o(.text) refers to rt_memclr.o(.text) for __aeabi_memclr
    usart.o(.text) refers to stm32f10x_rcc.o(.text) for RCC_APB2PeriphClockCmd
    usart.o(.text) refers to stm32f10x_gpio.o(.text) for GPIO_Init
    usart.o(.text) refers to misc.o(.text) for NVIC_Init
    usart.o(.text) refers to stm32f10x_usart.o(.text) for USART_Init
    usart.o(.text) refers to rt_memcpy_v6.o(.text) for __aeabi_memcpy
    usart.o(.text) refers to strstr.o(.text) for strstr
    usart.o(.text) refers to usart.o(.bss) for USART_RX_BUF
    usart.o(.text) refers to usart.o(.data) for point1
    usart.o(.bss) refers (Special) to use_no_semi_2.o(.text) for __use_no_semihosting
    usart.o(.data) refers (Special) to use_no_semi_2.o(.text) for __use_no_semihosting
    use_no_semi_2.o(.text) refers (Special) to use_no_semi.o(.text) for __use_no_semihosting_swi
    c89vsprintf.o(.text) refers (Special) to _printf_a.o(.ARM.Collect$$_printf_percent$$00000006) for _printf_a
[...]
    .ARM.Collect$$_printf_percent$$0000000D  0x080001ac   Section        6  _printf_lli.o(.ARM.Collect$$_printf_percent$$0000000D)
    .ARM.Collect$$_printf_percent$$0000000E  0x080001b2   Section        6  _printf_lld.o(.ARM.Collect$$_printf_percent$$0000000E)
    .ARM.Collect$$_printf_percent$$0000000F  0x080001b8   Section        6  _printf_llu.o(.ARM.Collect$$_printf_percent$$0000000F)
    .ARM.Collect$$_printf_percent$$00000010  0x080001be   Section        6  _printf_llo.o(.ARM.Collect$$_printf_percent$$00000010)
    .ARM.Collect$$_printf_percent$$00000011  0x080001c4   Section        6  _printf_llx.o(.ARM.Collect$$_printf_percent$$00000011)
    .ARM.Collect$$_printf_percent$$00000012  0x080001ca   Section       10  _printf_l.o(.ARM.Collect$$_printf_percent$$00000012)
    .ARM.Collect$$_printf_percent$$00000013  0x080001d4   Section        6  _printf_c.o(.ARM.Collect$$_printf_percent$$00000013)
    .ARM.Collect$$_printf_percent$$00000014  0x080001da   Section        6  _printf_s.o(.ARM.Collect$$_printf_percent$$00000014)
    .ARM.Collect$$_printf_percent$$00000015  0x080001e0   Section        6  _printf_lc.o(.ARM.Collect$$_printf_percent$$00000015)
    .ARM.Collect$$_printf_percent$$00000016  0x080001e6   Section        6  _printf_ls.o(.ARM.Collect$$_printf_percent$$00000016)
    .ARM.Collect$$_printf_percent$$00000017  0x080001ec   Section        4  _printf_percent_end.o(.ARM.Collect$$_printf_percent$$00000017)
    .ARM.Collect$$libinit$$00000000          0x080001f0   Section        2  libinit.o(.ARM.Collect$$libinit$$00000000)
    .ARM.Collect$$libinit$$00000002          0x080001f2   Section        0  libinit2.o(.ARM.Collect$$libinit$$00000002)
    .ARM.Collect$$libinit$$00000008          0x080001f2   Section        0  libinit2.o(.ARM.Collect$$libinit$$00000008)
    .ARM.Collect$$libinit$$0000000A          0x080001f2   Section        0  libinit2.o(.ARM.Collect$$libinit$$0000000A)
    .ARM.Collect$$libinit$$0000000C          0x080001f2   Section        0  libinit2.o(.ARM.Collect$$libinit$$0000000C)
    .ARM.Collect$$libinit$$0000000D          0x080001f2   Section        6  libinit2.o(.ARM.Collect$$libinit$$0000000D)
    .ARM.Collect$$libinit$$0000000F          0x080001f8   Section        0  libinit2.o(.ARM.Collect$$libinit$$0000000F)
    .ARM.Collect$$libinit$$00000010          0x080001f8   Section       12  libinit2.o(.ARM.Collect$$libinit$$00000010)
    .ARM.Collect$$libinit$$00000011          0x08000204   Section        0  libinit2.o(.ARM.Collect$$libinit$$00000011)
    .ARM.Collect$$libinit$$00000013          0x08000204   Section        0  libinit2.o(.ARM.Collect$$libinit$$00000013)
    .ARM.Collect$$libinit$$00000014          0x08000204   Section       10  libinit2.o(.ARM.Collect$$libinit$$00000014)
    .ARM.Collect$$libinit$$00000015          0x0800020e   Section        0  libinit2.o(.ARM.Collect$$libinit$$00000015)
    .ARM.Collect$$libinit$$00000017          0x0800020e   Section        0  libinit2.o(.ARM.Collect$$libinit$$00000017)
    .ARM.Collect$$libinit$$00000019          0x0800020e   Section        0  libinit2.o(.ARM.Collect$$libinit$$00000019)
    .ARM.Collect$$libinit$$0000001B          0x0800020e   Section        0  libinit2.o(.ARM.Collect$$libinit$$0000001B)
    .ARM.Collect$$libinit$$0000001D          0x0800020e   Section        0  libinit2.o(.ARM.Collect$$libinit$$0000001D)
    .ARM.Collect$$libinit$$0000001F          0x0800020e   Section        0  libinit2.o(.ARM.Collect$$libinit$$0000001F)
    .ARM.Collect$$libinit$$00000021          0x0800020e   Section        0  libinit2.o(.ARM.Collect$$libinit$$00000021)
    .ARM.Collect$$libinit$$00000023          0x0800020e   Section        0  libinit2.o(.ARM.Collect$$libinit$$00000023)
    .ARM.Collect$$libinit$$0000002A          0x0800020e   Section        0  libinit2.o(.ARM.Collect$$libinit$$0000002A)
    .ARM.Collect$$libinit$$0000002C          0x0800020e   Section        0  libinit2.o(.ARM.Collect$$libinit$$0000002C)
    .ARM.Collect$$libinit$$0000002E          0x0800020e   Section        0  libinit2.o(.ARM.Collect$$libinit$$0000002E)
    .ARM.Collect$$libinit$$00000030          0x0800020e   Section        0  libinit2.o(.ARM.Collect$$libinit$$00000030)
    .ARM.Collect$$libinit$$00000031          0x0800020e   Section        2  libinit2.o(.ARM.Collect$$libinit$$00000031)
    .ARM.Collect$$libshutdown$$00000000      0x08000210   Section        2  libshutdown.o(.ARM.Collect$$libshutdown$$00000000)
    .ARM.Collect$$libshutdown$$00000003      0x08000212   Section        0  libshutdown2.o(.ARM.Collect$$libshutdown$$00000003)
    .ARM.Collect$$libshutdown$$00000006      0x08000212   Section        0  libshutdown2.o(.ARM.Collect$$libshutdown$$00000006)
    .ARM.Collect$$libshutdown$$00000009      0x08000212   Section        0  libshutdown2.o(.ARM.Collect$$libshutdown$$00000009)
    .ARM.Collect$$libshutdown$$0000000B      0x08000212   Section        0  libshutdown2.o(.ARM.Collect$$libshutdown$$0000000B)
    .ARM.Collect$$libshutdown$$0000000E      0x08000212   Section        0  libshutdown2.o(.ARM.Collect$$libshutdown$$0000000E)
    .ARM.Collect$$libshutdown$$0000000F      0x08000212   Section        2  libshutdown2.o(.ARM.Collect$$libshutdown$$0000000F)
    .ARM.Collect$$rtentry$$00000000          0x08000214   Section        0  rtentry.o(.ARM.Collect$$rtentry$$00000000)
    .ARM.Collect$$rtentry$$00000002          0x08000214   Section        0  rtentry2.o(.ARM.Collect$$rtentry$$00000002)
    .ARM.Collect$$rtentry$$00000004          0x08000214   Section        6  rtentry4.o(.ARM.Collect$$rtentry$$00000004)
    .ARM.Collect$$rtentry$$00000009          0x0800021a   Section        0  rtentry2.o(.ARM.Collect$$rtentry$$00000009)
    .ARM.Collect$$rtentry$$0000000A          0x0800021a   Section        4  rtentry2.o(.ARM.Collect$$rtentry$$0000000A)
    .ARM.Collect$$rtentry$$0000000C          0x0800021e   Section        0  rtentry2.o(.ARM.Collect$$rtentry$$0000000C)
    .ARM.Collect$$rtentry$$0000000D          0x0800021e   Section        8  rtentry2.o(.ARM.Collect$$rtentry$$0000000D)
    .ARM.Collect$$rtexit$$00000000           0x08000226   Section        2  rtexit.o(.ARM.Collect$$rtexit$$00000000)
    .ARM.Collect$$rtexit$$00000002           0x08000228   Section        0  rtexit2.o(.ARM.Collect$$rtexit$$00000002)
    .ARM.Collect$$rtexit$$00000003           0x08000228   Section        4  rtexit2.o(.ARM.Collect$$rtexit$$00000003)
    .ARM.Collect$$rtexit$$00000004           0x0800022c   Section        6  rtexit2.o(.ARM.Collect$$rtexit$$00000004)
    .text                                    0x08000234   Section        0  main.o(.text)
    .text                                    0x080006e0   Section        0  stm32f10x_it.o(.text)
    .text                                    0x080006f8   Section        0  system_stm32f10x.o(.text)
    SetSysClockTo72                          0x080006f9   Thumb Code   212  system_stm32f10x.o(.text)
    SetSysClock                              0x080007cd   Thumb Code     8  system_stm32f10x.o(.text)
    .text                                    0x080008d4   Section        0  led.o(.text)
    .text                                    0x0800090c   Section        0  usart2.o(.text)
    .text                                    0x08000b8c   Section       64  startup_stm32f10x_md.o(.text)
    .text                                    0x08000bcc   Section        0  misc.o(.text)
    .text                                    0x08000ca8   Section        0  stm32f10x_gpio.o(.text)
    .text                                    0x08001000   Section        0  stm32f10x_rcc.o(.text)
    .text                                    0x080013a4   Section        0  stm32f10x_usart.o(.text)
    .text                                    0x080017ac   Section        0  stm32f10x_dma.o(.text)
    .text                                    0x080019fc   Section        0  stm32f10x_tim.o(.text)
    TI4_Config                               0x08001ea3   Thumb Code   130  stm32f10x_tim.o(.text)
    TI3_Config                               0x08001f37   Thumb Code   122  stm32f10x_tim.o(.text)
    TI2_Config                               0x08001fcb   Thumb Code   130  stm32f10x_tim.o(.text)
    TI1_Config                               0x0800205f   Thumb Code   108  stm32f10x_tim.o(.text)
    .text                                    0x08002818   Section        0  delay.o(.text)
    .text                                    0x080028e8   Section        0  sys.o(.text)
    .text                                    0x080028f4   Section        0  usart.o(.text)
    .text                                    0x08002ab8   Section        2  use_no_semi_2.o(.text)
    .text                                    0x08002abc   Section        0  c89vsprintf.o(.text)
    .text                                    0x08002ae0   Section        0  __2printf.o(.text)
    .text                                    0x08002af8   Section        0  __2sprintf.o(.text)
    .text                                    0x08002b24   Section        0  _printf_dec.o(.text)
    .text                                    0x08002b9c   Section        0  __printf_flags_ss_wp.o(.text)
    .text                                    0x08002d28   Section        0  strstr.o(.text)
    .text                                    0x08002d4c   Section        0  strcpy.o(.text)
    .text                                    0x08002d94   Section        0  strlen.o(.text)
    .text                                    0x08002dd2   Section        0  strcat.o(.text)
    .text                                    0x08002dea   Section      138  rt_memcpy_v6.o(.text)
    .text                                    0x08002e74   Section       68  rt_memclr.o(.text)
    .text                                    0x08002eb8   Section       78  rt_memclr_w.o(.text)
    .text                                    0x08002f06   Section        0  heapauxi.o(.text)
    .text                                    0x08002f0c   Section        2  use_no_semi.o(.text)
    .text                                    0x08002f0e   Section        0  _printf_pad.o(.text)
    .text                                    0x08002f60   Section        0  _printf_truncate.o(.text)
    .text                                    0x08002f84   Section        0  _printf_str.o(.text)
    .text                                    0x08002fd6   Section        0  _printf_intcommon.o(.text)
    .text                                    0x0800308e   Section        0  _printf_charcount.o(.text)
    .text                                    0x080030b8   Section        0  _printf_char_common.o(.text)
    _printf_input_char                       0x080030b9   Thumb Code    10  _printf_char_common.o(.text)
    .text                                    0x080030e8   Section        0  _sputc.o(.text)
    .text                                    0x080030f4   Section        0  _printf_char_file.o(.text)
    .text                                    0x08003118   Section        0  _printf_wctomb.o(.text)
    .text                                    0x080031d4   Section        0  _printf_longlong_dec.o(.text)
    .text                                    0x0800324c   Section        0  _printf_oct_int_ll.o(.text)
    _printf_longlong_oct_internal            0x0800324d   Thumb Code     0  _printf_oct_int_ll.o(.text)
    .text                                    0x080032c4   Section        0  _printf_hex_int_ll_ptr.o(.text)
    _printf_hex_common                       0x080032c5   Thumb Code     0  _printf_hex_int_ll_ptr.o(.text)
    .text                                    0x08003360   Section      100  rt_memcpy_w.o(.text)
    .text                                    0x080033c4   Section      138  lludiv10.o(.text)
    .text                                    0x0800344e   Section        0  _printf_fp_dec.o(.text)
    _fp_digits                               0x08003451   Thumb Code   426  _printf_fp_dec.o(.text)
    .text                                    0x0800386e   Section        0  _printf_char.o(.text)
    .text                                    0x0800389a   Section        0  _printf_wchar.o(.text)
    .text                                    0x080038c6   Section        0  ferror.o(.text)
    .text                                    0x080038ce   Section        0  _wcrtomb.o(.text)
    .text                                    0x0800390e   Section       74  sys_stackheap_outer.o(.text)
    .text                                    0x08003958   Section       16  rt_ctype_table.o(.text)
    .text                                    0x08003968   Section        8  rt_locale_intlibspace.o(.text)
    .text                                    0x08003970   Section        0  _printf_fp_infnan.o(.text)
    .text                                    0x080039f0   Section        0  bigflt0.o(.text)
    .text                                    0x08003ad4   Section        0  exit.o(.text)
    .text                                    0x08003ae0   Section        8  libspace.o(.text)
    .text                                    0x08003ae8   Section      128  strcmpv7m.o(.text)
    CL$$btod_d2e                             0x08003b68   Section       62  btod.o(CL$$btod_d2e)
    CL$$btod_d2e_denorm_low                  0x08003ba6   Section       70  btod.o(CL$$btod_d2e_denorm_low)
    CL$$btod_d2e_norm_op1                    0x08003bec   Section       96  btod.o(CL$$btod_d2e_norm_op1)
    CL$$btod_div_common                      0x08003c4c   Section      824  btod.o(CL$$btod_div_common)
    CL$$btod_e2e                             0x08003f84   Section      198  btod.o(CL$$btod_e2e)
    CL$$btod_ediv                            0x0800404a   Section       40  btod.o(CL$$btod_ediv)
    CL$$btod_emul                            0x08004072   Section       40  btod.o(CL$$btod_emul)
    CL$$btod_mult_common                     0x0800409a   Section      580  btod.o(CL$$btod_mult_common)
    i.__ARM_fpclassify                       0x080042de   Section        0  fpclassify.o(i.__ARM_fpclassify)
    i._is_digit                              0x08004306   Section        0  __printf_wp.o(i._is_digit)
    locale$$code                             0x08004314   Section       44  lc_numeric_c.o(locale$$code)
    locale$$code                             0x08004340   Section       44  lc_ctype_c.o(locale$$code)
    x$fpl$printf1                            0x0800436c   Section        4  printf1.o(x$fpl$printf1)
    .constdata                               0x08004370   Section       17  __printf_flags_ss_wp.o(.constdata)
    x$fpl$usenofp                            0x08004370   Section        0  usenofp.o(x$fpl$usenofp)
    maptable                                 0x08004370   Data          17  __printf_flags_ss_wp.o(.constdata)
    .constdata                               0x08004384   Section        8  _printf_wctomb.o(.constdata)
    initial_mbstate                          0x08004384   Data           8  _printf_wctomb.o(.constdata)
    .constdata                               0x0800438c   Section       40  _printf_hex_int_ll_ptr.o(.constdata)
    uc_hextab                                0x0800438c   Data          20  _printf_hex_int_ll_ptr.o(.constdata)
    lc_hextab                                0x080043a0   Data          20  _printf_hex_int_ll_ptr.o(.constdata)
    .constdata                               0x080043b4   Section      148  bigflt0.o(.constdata)
    tenpwrs_x                                0x080043b4   Data          60  bigflt0.o(.constdata)
    tenpwrs_i                                0x080043f0   Data          64  bigflt0.o(.constdata)
    locale$$data                             0x08004468   Section       28  lc_numeric_c.o(locale$$data)
    __lcnum_c_name                           0x0800446c   Data           2  lc_numeric_c.o(locale$$data)
    __lcnum_c_start                          0x08004474   Data           0  lc_numeric_c.o(locale$$data)
    __lcnum_c_point                          0x08004480   Data           0  lc_numeric_c.o(locale$$data)
    __lcnum_c_thousands                      0x08004482   Data           0  lc_numeric_c.o(locale$$data)
    __lcnum_c_grouping                       0x08004483   Data           0  lc_numeric_c.o(locale$$data)
    locale$$data                             0x08004484   Section      272  lc_ctype_c.o(locale$$data)
    __lcnum_c_end                            0x08004484   Data           0  lc_numeric_c.o(locale$$data)
    __lcctype_c_name                         0x08004488   Data           2  lc_ctype_c.o(locale$$data)
    __lcctype_c_start                        0x08004490   Data           0  lc_ctype_c.o(locale$$data)
    __lcctype_c_end                          0x08004594   Data           0  lc_ctype_c.o(locale$$data)
    .data                                    0x20000000   Section       61  main.o(.data)
    .data                                    0x20000040   Section       20  system_stm32f10x.o(.data)
    .data                                    0x20000054   Section        4  usart2.o(.data)
    .data                                    0x20000058   Section       20  stm32f10x_rcc.o(.data)
    APBAHBPrescTable                         0x20000058   Data          16  stm32f10x_rcc.o(.data)
    ADCPrescTable                            0x20000068   Data           4  stm32f10x_rcc.o(.data)
    .data                                    0x2000006c   Section        4  delay.o(.data)
    fac_us                                   0x2000006c   Data           1  delay.o(.data)
    fac_ms                                   0x2000006e   Data           2  delay.o(.data)
    .data                                    0x20000070   Section       12  usart.o(.data)
    .bss                                     0x20000080   Section      400  usart2.o(.bss)
    .bss                                     0x20000210   Section      321  usart.o(.bss)
    .bss                                     0x20000354   Section       96  libspace.o(.bss)
    HEAP                                     0x200003b8   Section      512  startup_stm32f10x_md.o(HEAP)
    Heap_Mem                                 0x200003b8   Data         512  startup_stm32f10x_md.o(HEAP)
    STACK                                    0x200005b8   Section     1024  startup_stm32f10x_md.o(STACK)
    Stack_Mem                                0x200005b8   Data        1024  startup_stm32f10x_md.o(STACK)
    __initial_sp                             0x200009b8   Data           0  startup_stm32f10x_md.o(STACK)

    Global Symbols

    Symbol Name                              Value     Ov Type        Size  Object(Section)

    BuildAttributes$$THM_ISAv4$P$D$K$B$S$PE$A:L22UL41UL21$X:L11$S22US41US21$IEEE1$IW$USESV6$~STKCKD$USESV7$~SHL$OTIME$ROPI$IEEEJ$EBA8$UX$STANDARDLIB$REQ8$PRES8$EABIv2 0x00000000   Number         0  anon$$obj.o ABSOLUTE
    __ARM_use_no_argv                        0x00000000   Number         0  main.o ABSOLUTE
    _printf_flags                            0x00000000   Number         0  printf_stubs.o ABSOLUTE
    _printf_return_value                     0x00000000   Number         0  printf_stubs.o ABSOLUTE
    _printf_sizespec                         0x00000000   Number         0  printf_stubs.o ABSOLUTE
    _printf_widthprec                        0x00000000   Number         0  printf_stubs.o ABSOLUTE
    __ARM_exceptions_init                     - Undefined Weak Reference
    __alloca_initialize                       - Undefined Weak Reference
    __cpp_initialize__aeabi_                  - Undefined Weak Reference
    __cxa_finalize                            - Undefined Weak Reference
    __sigvec_lookup                           - Undefined Weak Reference
    _atexit_init                              - Undefined Weak Reference
    _call_atexit_fns                          - Undefined Weak Reference
    _clock_init                               - Undefined Weak Reference
    _fp_trap_init                             - Undefined Weak Reference
    _fp_trap_shutdown                         - Undefined Weak Reference
    _get_lc_collate                           - Undefined Weak Reference
    _get_lc_monetary                          - Undefined Weak Reference
    _get_lc_time                              - Undefined Weak Reference
    _getenv_init                              - Undefined Weak Reference
    _handle_redirection                       - Undefined Weak Reference
    _init_alloc                               - Undefined Weak Reference
    _init_user_alloc                          - Undefined Weak Reference
    _initio                                   - Undefined Weak Reference
    _mutex_acquire                            - Undefined Weak Reference
    _mutex_release                            - Undefined Weak Reference
    _printf_fp_hex                            - Undefined Weak Reference
    _printf_mbtowc                            - Undefined Weak Reference
    _printf_wc                                - Undefined Weak Reference
    _rand_init                                - Undefined Weak Reference
    _signal_finish                            - Undefined Weak Reference
    _signal_init                              - Undefined Weak Reference
    _terminate_alloc                          - Undefined Weak Reference
    _terminate_user_alloc                     - Undefined Weak Reference
    _terminateio                              - Undefined Weak Reference
    __Vectors_Size                           0x000000ec   Number         0  startup_stm32f10x_md.o ABSOLUTE
    __Vectors                                0x08000000   Data           4  startup_stm32f10x_md.o(RESET)
    __Vectors_End                            0x080000ec   Data           0  startup_stm32f10x_md.o(RESET)
    __main                                   0x080000ed   Thumb Code     8  __main.o(!!!main)
    __scatterload                            0x080000f5   Thumb Code     0  __scatter.o(!!!scatter)
    __scatterload_rt2                        0x080000f5   Thumb Code    44  __scatter.o(!!!scatter)
    __scatterload_rt2_thumb_only             0x080000f5   Thumb Code     0  __scatter.o(!!!scatter)
    __scatterload_null                       0x08000103   Thumb Code     0  __scatter.o(!!!scatter)
    __scatterload_copy                       0x08000129   Thumb Code    26  __scatter_copy.o(!!handler_copy)
    __scatterload_zeroinit                   0x08000145   Thumb Code    28  __scatter_zi.o(!!handler_zi)
    _printf_n                                0x08000161   Thumb Code     0  _printf_n.o(.ARM.Collect$$_printf_percent$$00000001)
    _printf_percent                          0x08000161   Thumb Code     0  _printf_percent.o(.ARM.Collect$$_printf_percent$$00000000)
    _printf_p                                0x08000167   Thumb Code     0  _printf_p.o(.ARM.Collect$$_printf_percent$$00000002)
    _printf_f                                0x0800016d   Thumb Code     0  _printf_f.o(.ARM.Collect$$_printf_percent$$00000003)
    _printf_e                                0x08000173   Thumb Code     0  _printf_e.o(.ARM.Collect$$_printf_percent$$00000004)
    _printf_g                                0x08000179   Thumb Code     0  _printf_g.o(.ARM.Collect$$_printf_percent$$00000005)
    _printf_a                                0x0800017f   Thumb Code     0  _printf_a.o(.ARM.Collect$$_printf_percent$$00000006)
    _printf_ll                               0x08000185   Thumb Code     0  _printf_ll.o(.ARM.Collect$$_printf_percent$$00000007)
    _printf_i                                0x0800018f   Thumb Code     0  _printf_i.o(.ARM.Collect$$_printf_percent$$00000008)
    _printf_d                                0x08000195   Thumb Code     0  _printf_d.o(.ARM.Collect$$_printf_percent$$00000009)
    _printf_u                                0x0800019b   Thumb Code     0  _printf_u.o(.ARM.Collect$$_printf_percent$$0000000A)
    _printf_o                                0x080001a1   Thumb Code     0  _printf_o.o(.ARM.Collect$$_printf_percent$$0000000B)
    _printf_x                                0x080001a7   Thumb Code     0  _printf_x.o(.ARM.Collect$$_printf_percent$$0000000C)
    _printf_lli                              0x080001ad   Thumb Code     0  _printf_lli.o(.ARM.Collect$$_printf_percent$$0000000D)
    _printf_lld                              0x080001b3   Thumb Code     0  _printf_lld.o(.ARM.Collect$$_printf_percent$$0000000E)
    _printf_llu                              0x080001b9   Thumb Code     0  _printf_llu.o(.ARM.Collect$$_printf_percent$$0000000F)
    _printf_llo                              0x080001bf   Thumb Code     0  _printf_llo.o(.ARM.Collect$$_printf_percent$$00000010)
    _printf_llx                              0x080001c5   Thumb Code     0  _printf_llx.o(.ARM.Collect$$_printf_percent$$00000011)
    _printf_l                                0x080001cb   Thumb Code     0  _printf_l.o(.ARM.Collect$$_printf_percent$$00000012)
    _printf_c                                0x080001d5   Thumb Code     0  _printf_c.o(.ARM.Collect$$_printf_percent$$00000013)
    _printf_s                                0x080001db   Thumb Code     0  _printf_s.o(.ARM.Collect$$_printf_percent$$00000014)
    _printf_lc                               0x080001e1   Thumb Code     0  _printf_lc.o(.ARM.Collect$$_printf_percent$$00000015)
    _printf_ls                               0x080001e7   Thumb Code     0  _printf_ls.o(.ARM.Collect$$_printf_percent$$00000016)
    _printf_percent_end                      0x080001ed   Thumb Code     0  _printf_percent_end.o(.ARM.Collect$$_printf_percent$$00000017)
    __rt_lib_init                            0x080001f1   Thumb Code     0  libinit.o(.ARM.Collect$$libinit$$00000000)
    __rt_lib_init_fp_1                       0x080001f3   Thumb Code     0  libinit2.o(.ARM.Collect$$libinit$$00000002)
    __rt_lib_init_heap_1                     0x080001f3   Thumb Code     0  libinit2.o(.ARM.Collect$$libinit$$00000008)
    __rt_lib_init_lc_common                  0x080001f3   Thumb Code     0  libinit2.o(.ARM.Collect$$libinit$$0000000D)
    __rt_lib_init_rand_1                     0x080001f3   Thumb Code     0  libinit2.o(.ARM.Collect$$libinit$$0000000C)
    __rt_lib_init_user_alloc_1               0x080001f3   Thumb Code     0  libinit2.o(.ARM.Collect$$libinit$$0000000A)
    __rt_lib_init_lc_collate_1               0x080001f9   Thumb Code     0  libinit2.o(.ARM.Collect$$libinit$$0000000F)
    __rt_lib_init_lc_ctype_2                 0x080001f9   Thumb Code     0  libinit2.o(.ARM.Collect$$libinit$$00000010)
    __rt_lib_init_lc_ctype_1                 0x08000205   Thumb Code     0  libinit2.o(.ARM.Collect$$libinit$$00000011)
    __rt_lib_init_lc_monetary_1              0x08000205   Thumb Code     0  libinit2.o(.ARM.Collect$$libinit$$00000013)
    __rt_lib_init_lc_numeric_2               0x08000205   Thumb Code     0  libinit2.o(.ARM.Collect$$libinit$$00000014)
    __rt_lib_init_alloca_1                   0x0800020f   Thumb Code     0  libinit2.o(.ARM.Collect$$libinit$$0000002C)
    __rt_lib_init_argv_1                     0x0800020f   Thumb Code     0  libinit2.o(.ARM.Collect$$libinit$$0000002A)
    __rt_lib_init_atexit_1                   0x0800020f   Thumb Code     0  libinit2.o(.ARM.Collect$$libinit$$00000019)
    __rt_lib_init_clock_1                    0x0800020f   Thumb Code     0  libinit2.o(.ARM.Collect$$libinit$$0000001F)
    __rt_lib_init_cpp_1                      0x0800020f   Thumb Code     0  libinit2.o(.ARM.Collect$$libinit$$00000030)
    __rt_lib_init_exceptions_1               0x0800020f   Thumb Code     0  libinit2.o(.ARM.Collect$$libinit$$0000002E)
    __rt_lib_init_fp_trap_1                  0x0800020f   Thumb Code     0  libinit2.o(.ARM.Collect$$libinit$$0000001D)
    __rt_lib_init_getenv_1                   0x0800020f   Thumb Code     0  libinit2.o(.ARM.Collect$$libinit$$00000021)
    __rt_lib_init_lc_numeric_1               0x0800020f   Thumb Code     0  libinit2.o(.ARM.Collect$$libinit$$00000015)
    __rt_lib_init_lc_time_1                  0x0800020f   Thumb Code     0  libinit2.o(.ARM.Collect$$libinit$$00000017)
    __rt_lib_init_return                     0x0800020f   Thumb Code     0  libinit2.o(.ARM.Collect$$libinit$$00000031)
    __rt_lib_init_signal_1                   0x0800020f   Thumb Code     0  libinit2.o(.ARM.Collect$$libinit$$0000001B)
    __rt_lib_init_stdio_1                    0x0800020f   Thumb Code     0  libinit2.o(.ARM.Collect$$libinit$$00000023)
    __rt_lib_shutdown                        0x08000211   Thumb Code     0  libshutdown.o(.ARM.Collect$$libshutdown$$00000000)
    __rt_lib_shutdown_fp_trap_1              0x08000213   Thumb Code     0  libshutdown2.o(.ARM.Collect$$libshutdown$$00000006)
    __rt_lib_shutdown_heap_1                 0x08000213   Thumb Code     0  libshutdown2.o(.ARM.Collect$$libshutdown$$0000000E)
    __rt_lib_shutdown_return                 0x08000213   Thumb Code     0  libshutdown2.o(.ARM.Collect$$libshutdown$$0000000F)
    __rt_lib_shutdown_signal_1               0x08000213   Thumb Code     0  libshutdown2.o(.ARM.Collect$$libshutdown$$00000009)
    __rt_lib_shutdown_stdio_1                0x08000213   Thumb Code     0  libshutdown2.o(.ARM.Collect$$libshutdown$$00000003)
    __rt_lib_shutdown_user_alloc_1           0x08000213   Thumb Code     0  libshutdown2.o(.ARM.Collect$$libshutdown$$0000000B)
    __rt_entry                               0x08000215   Thumb Code     0  rtentry.o(.ARM.Collect$$rtentry$$00000000)
    __rt_entry_presh_1                       0x08000215   Thumb Code     0  rtentry2.o(.ARM.Collect$$rtentry$$00000002)
    __rt_entry_sh                            0x08000215   Thumb Code     0  rtentry4.o(.ARM.Collect$$rtentry$$00000004)
    __rt_entry_li                            0x0800021b   Thumb Code     0  rtentry2.o(.ARM.Collect$$rtentry$$0000000A)
    __rt_entry_postsh_1                      0x0800021b   Thumb Code     0  rtentry2.o(.ARM.Collect$$rtentry$$00000009)
    __rt_entry_main                          0x0800021f   Thumb Code     0  rtentry2.o(.ARM.Collect$$rtentry$$0000000D)
    __rt_entry_postli_1                      0x0800021f   Thumb Code     0  rtentry2.o(.ARM.Collect$$rtentry$$0000000C)
    __rt_exit                                0x08000227   Thumb Code     0  rtexit.o(.ARM.Collect$$rtexit$$00000000)
    __rt_exit_ls                             0x08000229   Thumb Code     0  rtexit2.o(.ARM.Collect$$rtexit$$00000003)
    __rt_exit_prels_1                        0x08000229   Thumb Code     0  rtexit2.o(.ARM.Collect$$rtexit$$00000002)
    __rt_exit_exit                           0x0800022d   Thumb Code     0  rtexit2.o(.ARM.Collect$$rtexit$$00000004)
    Sys_Soft_Reset                           0x08000235   Thumb Code     8  main.o(.text)
    sendCommand                              0x0800023d   Thumb Code   136  main.o(.text)
    errorLog                                 0x080002c5   Thumb Code    40  main.o(.text)
    main                                     0x080002ed   Thumb Code   428  main.o(.text)
    sendMessage                              0x08000499   Thumb Code   144  main.o(.text)
    phone                                    0x08000529   Thumb Code    74  main.o(.text)
    NMI_Handler                              0x080006e1   Thumb Code     2  stm32f10x_it.o(.text)
    HardFault_Handler                        0x080006e3   Thumb Code     4  stm32f10x_it.o(.text)
    MemManage_Handler                        0x080006e7   Thumb Code     4  stm32f10x_it.o(.text)
    BusFault_Handler                         0x080006eb   Thumb Code     4  stm32f10x_it.o(.text)
    UsageFault_Handler                       0x080006ef   Thumb Code     4  stm32f10x_it.o(.text)
    SVC_Handler                              0x080006f3   Thumb Code     2  stm32f10x_it.o(.text)
    DebugMon_Handler                         0x080006f5   Thumb Code     2  stm32f10x_it.o(.text)
    PendSV_Handler                           0x080006f7   Thumb Code     2  stm32f10x_it.o(.text)
    SystemInit                               0x080007d5   Thumb Code    78  system_stm32f10x.o(.text)
    SystemCoreClockUpdate                    0x08000823   Thumb Code   142  system_stm32f10x.o(.text)
    Init_LEDpin                              0x080008d5   Thumb Code    50  led.o(.text)
    TIM4_Set                                 0x0800090d   Thumb Code    34  usart2.o(.text)
    USART2_IRQHandler                        0x0800092f   Thumb Code    68  usart2.o(.text)
    USART2_CLR_Buf                           0x08000973   Thumb Code    18  usart2.o(.text)
    TIM4_Init                                0x08000985   Thumb Code    82  usart2.o(.text)
    UART_DMA_Config                          0x080009d7   Thumb Code    72  usart2.o(.text)
    USART2_Init                              0x08000a1f   Thumb Code   204  usart2.o(.text)
    UART_DMA_Enable                          0x08000aeb   Thumb Code    32  usart2.o(.text)
    u2_printf                                0x08000b0b   Thumb Code    56  usart2.o(.text)
    TIM4_IRQHandler                          0x08000b43   Thumb Code    40  usart2.o(.text)
    Reset_Handler                            0x08000b8d   Thumb Code     8  startup_stm32f10x_md.o(.text)
    SysTick_Handler                          0x08000ba5   Thumb Code     2  startup_stm32f10x_md.o(.text)
    ADC1_2_IRQHandler                        0x08000ba7   Thumb Code     0  startup_stm32f10x_md.o(.text)
    CAN1_RX1_IRQHandler                      0x08000ba7   Thumb Code     0  startup_stm32f10x_md.o(.text)
    CAN1_SCE_IRQHandler                      0x08000ba7   Thumb Code     0  startup_stm32f10x_md.o(.text)
    DMA1_Channel1_IRQHandler                 0x08000ba7   Thumb Code     0  startup_stm32f10x_md.o(.text)
    DMA1_Channel2_IRQHandler                 0x08000ba7   Thumb Code     0  startup_stm32f10x_md.o(.text)
    DMA1_Channel3_IRQHandler                 0x08000ba7   Thumb Code     0  startup_stm32f10x_md.o(.text)
    DMA1_Channel4_IRQHandler                 0x08000ba7   Thumb Code     0  startup_stm32f10x_md.o(.text)
    DMA1_Channel5_IRQHandler                 0x08000ba7   Thumb Code     0  startup_stm32f10x_md.o(.text)
    DMA1_Channel6_IRQHandler                 0x08000ba7   Thumb Code     0  startup_stm32f10x_md.o(.text)
    DMA1_Channel7_IRQHandler                 0x08000ba7   Thumb Code     0  startup_stm32f10x_md.o(.text)
    EXTI0_IRQHandler                         0x08000ba7   Thumb Code     0  startup_stm32f10x_md.o(.text)
    EXTI15_10_IRQHandler                     0x08000ba7   Thumb Code     0  startup_stm32f10x_md.o(.text)
    EXTI1_IRQHandler                         0x08000ba7   Thumb Code     0  startup_stm32f10x_md.o(.text)
    EXTI2_IRQHandler                         0x08000ba7   Thumb Code     0  startup_stm32f10x_md.o(.text)
    EXTI3_IRQHandler                         0x08000ba7   Thumb Code     0  startup_stm32f10x_md.o(.text)
    EXTI4_IRQHandler                         0x08000ba7   Thumb Code     0  startup_stm32f10x_md.o(.text)
    EXTI9_5_IRQHandler                       0x08000ba7   Thumb Code     0  startup_stm32f10x_md.o(.text)
    FLASH_IRQHandler                         0x08000ba7   Thumb Code     0  startup_stm32f10x_md.o(.text)
    I2C1_ER_IRQHandler                       0x08000ba7   Thumb Code     0  startup_stm32f10x_md.o(.text)
    I2C1_EV_IRQHandler                       0x08000ba7   Thumb Code     0  startup_stm32f10x_md.o(.text)
    I2C2_ER_IRQHandler                       0x08000ba7   Thumb Code     0  startup_stm32f10x_md.o(.text)
    I2C2_EV_IRQHandler                       0x08000ba7   Thumb Code     0  startup_stm32f10x_md.o(.text)
    PVD_IRQHandler                           0x08000ba7   Thumb Code     0  startup_stm32f10x_md.o(.text)
    RCC_IRQHandler                           0x08000ba7   Thumb Code     0  startup_stm32f10x_md.o(.text)
    RTCAlarm_IRQHandler                      0x08000ba7   Thumb Code     0  startup_stm32f10x_md.o(.text)
    RTC_IRQHandler                           0x08000ba7   Thumb Code     0  startup_stm32f10x_md.o(.text)
    SPI1_IRQHandler                          0x08000ba7   Thumb Code     0  startup_stm32f10x_md.o(.text)
    SPI2_IRQHandler                          0x08000ba7   Thumb Code     0  startup_stm32f10x_md.o(.text)
    TAMPER_IRQHandler                        0x08000ba7   Thumb Code     0  startup_stm32f10x_md.o(.text)
    TIM1_BRK_IRQHandler                      0x08000ba7   Thumb Code     0  startup_stm32f10x_md.o(.text)
    TIM1_CC_IRQHandler                       0x08000ba7   Thumb Code     0  startup_stm32f10x_md.o(.text)
    TIM1_TRG_COM_IRQHandler                  0x08000ba7   Thumb Code     0  startup_stm32f10x_md.o(.text)
    TIM1_UP_IRQHandler                       0x08000ba7   Thumb Code     0  startup_stm32f10x_md.o(.text)
    TIM2_IRQHandler                          0x08000ba7   Thumb Code     0  startup_stm32f10x_md.o(.text)
    TIM3_IRQHandler                          0x08000ba7   Thumb Code     0  startup_stm32f10x_md.o(.text)
    USART3_IRQHandler                        0x08000ba7   Thumb Code     0  startup_stm32f10x_md.o(.text)
    USBWakeUp_IRQHandler                     0x08000ba7   Thumb Code     0  startup_stm32f10x_md.o(.text)
    USB_HP_CAN1_TX_IRQHandler                0x08000ba7   Thumb Code     0  startup_stm32f10x_md.o(.text)
    USB_LP_CAN1_RX0_IRQHandler               0x08000ba7   Thumb Code     0  startup_stm32f10x_md.o(.text)
    WWDG_IRQHandler                          0x08000ba7   Thumb Code     0  startup_stm32f10x_md.o(.text)
    __user_initial_stackheap                 0x08000ba9   Thumb Code     0  startup_stm32f10x_md.o(.text)
    NVIC_PriorityGroupConfig                 0x08000bcd   Thumb Code    10  misc.o(.text)
    NVIC_Init                                0x08000bd7   Thumb Code   102  misc.o(.text)
    NVIC_SetVectorTable                      0x08000c3d   Thumb Code    14  misc.o(.text)
    NVIC_SystemLPConfig                      0x08000c4b   Thumb Code    34  misc.o(.text)
    SysTick_CLKSourceConfig                  0x08000c6d   Thumb Code    40  misc.o(.text)
    GPIO_DeInit                              0x08000ca9   Thumb Code   172  stm32f10x_gpio.o(.text)
    GPIO_AFIODeInit                          0x08000d55   Thumb Code    20  stm32f10x_gpio.o(.text)
    GPIO_Init                                0x08000d69   Thumb Code   274  stm32f10x_gpio.o(.text)
    GPIO_StructInit                          0x08000e7b   Thumb Code    16  stm32f10x_gpio.o(.text)
    GPIO_ReadInputDataBit                    0x08000e8b   Thumb Code    18  stm32f10x_gpio.o(.text)
    GPIO_ReadInputData                       0x08000e9d   Thumb Code     8  stm32f10x_gpio.o(.text)
    GPIO_ReadOutputDataBit                   0x08000ea5   Thumb Code    18  stm32f10x_gpio.o(.text)
    GPIO_ReadOutputData                      0x08000eb7   Thumb Code     8  stm32f10x_gpio.o(.text)
    GPIO_SetBits                             0x08000ebf   Thumb Code     4  stm32f10x_gpio.o(.text)
    GPIO_ResetBits                           0x08000ec3   Thumb Code     4  stm32f10x_gpio.o(.text)
    GPIO_WriteBit                            0x08000ec7   Thumb Code    10  stm32f10x_gpio.o(.text)
    GPIO_Write                               0x08000ed1   Thumb Code     4  stm32f10x_gpio.o(.text)
    GPIO_PinLockConfig                       0x08000ed5   Thumb Code    18  stm32f10x_gpio.o(.text)
    GPIO_EventOutputConfig                   0x08000ee7   Thumb Code    26  stm32f10x_gpio.o(.text)
    GPIO_EventOutputCmd                      0x08000f01   Thumb Code     6  stm32f10x_gpio.o(.text)
    GPIO_PinRemapConfig                      0x08000f07   Thumb Code   138  stm32f10x_gpio.o(.text)
    GPIO_EXTILineConfig                      0x08000f91   Thumb Code    66  stm32f10x_gpio.o(.text)
    GPIO_ETH_MediaInterfaceConfig            0x08000fd3   Thumb Code     6  stm32f10x_gpio.o(.text)
    RCC_DeInit                               0x08001001   Thumb Code    64  stm32f10x_rcc.o(.text)
    RCC_HSEConfig                            0x08001041   Thumb Code    70  stm32f10x_rcc.o(.text)
    RCC_GetFlagStatus                        0x08001087   Thumb Code    56  stm32f10x_rcc.o(.text)
    RCC_WaitForHSEStartUp                    0x080010bf   Thumb Code    56  stm32f10x_rcc.o(.text)
    RCC_AdjustHSICalibrationValue            0x080010f7   Thumb Code    20  stm32f10x_rcc.o(.text)
    RCC_HSICmd                               0x0800110b   Thumb Code     6  stm32f10x_rcc.o(.text)
    RCC_PLLConfig                            0x08001111   Thumb Code    24  stm32f10x_rcc.o(.text)
    RCC_PLLCmd                               0x08001129   Thumb Code     6  stm32f10x_rcc.o(.text)
    RCC_SYSCLKConfig                         0x0800112f   Thumb Code    18  stm32f10x_rcc.o(.text)
    RCC_GetSYSCLKSource                      0x08001141   Thumb Code    10  stm32f10x_rcc.o(.text)
    RCC_HCLKConfig                           0x0800114b   Thumb Code    18  stm32f10x_rcc.o(.text)
    RCC_PCLK1Config                          0x0800115d   Thumb Code    18  stm32f10x_rcc.o(.text)
    RCC_PCLK2Config                          0x0800116f   Thumb Code    20  stm32f10x_rcc.o(.text)
    RCC_ITConfig                             0x08001183   Thumb Code    26  stm32f10x_rcc.o(.text)
    RCC_USBCLKConfig                         0x0800119d   Thumb Code     6  stm32f10x_rcc.o(.text)
    RCC_ADCCLKConfig                         0x080011a3   Thumb Code    18  stm32f10x_rcc.o(.text)
    RCC_LSEConfig                            0x080011b5   Thumb Code    44  stm32f10x_rcc.o(.text)
    RCC_LSICmd                               0x080011e1   Thumb Code     6  stm32f10x_rcc.o(.text)
    RCC_RTCCLKConfig                         0x080011e7   Thumb Code    12  stm32f10x_rcc.o(.text)
    RCC_RTCCLKCmd                            0x080011f3   Thumb Code     8  stm32f10x_rcc.o(.text)
    RCC_GetClocksFreq                        0x080011fb   Thumb Code   192  stm32f10x_rcc.o(.text)
    RCC_AHBPeriphClockCmd                    0x080012bb   Thumb Code    26  stm32f10x_rcc.o(.text)
    RCC_APB2PeriphClockCmd                   0x080012d5   Thumb Code    26  stm32f10x_rcc.o(.text)
    RCC_APB1PeriphClockCmd                   0x080012ef   Thumb Code    26  stm32f10x_rcc.o(.text)
    RCC_APB2PeriphResetCmd                   0x08001309   Thumb Code    26  stm32f10x_rcc.o(.text)
    RCC_APB1PeriphResetCmd                   0x08001323   Thumb Code    26  stm32f10x_rcc.o(.text)
    RCC_BackupResetCmd                       0x0800133d   Thumb Code     8  stm32f10x_rcc.o(.text)
    RCC_ClockSecuritySystemCmd               0x08001345   Thumb Code     6  stm32f10x_rcc.o(.text)
    RCC_MCOConfig                            0x0800134b   Thumb Code     6  stm32f10x_rcc.o(.text)
    RCC_ClearFlag                            0x08001351   Thumb Code    14  stm32f10x_rcc.o(.text)
    RCC_GetITStatus                          0x0800135f   Thumb Code    20  stm32f10x_rcc.o(.text)
    RCC_ClearITPendingBit                    0x08001373   Thumb Code     6  stm32f10x_rcc.o(.text)
    USART_DeInit                             0x080013a5   Thumb Code   134  stm32f10x_usart.o(.text)
    USART_Init                               0x0800142b   Thumb Code   210  stm32f10x_usart.o(.text)
    USART_StructInit                         0x080014fd   Thumb Code    24  stm32f10x_usart.o(.text)
    USART_ClockInit                          0x08001515   Thumb Code    34  stm32f10x_usart.o(.text)
    USART_ClockStructInit                    0x08001537   Thumb Code    12  stm32f10x_usart.o(.text)
    USART_Cmd                                0x08001543   Thumb Code    24  stm32f10x_usart.o(.text)
    USART_ITConfig                           0x0800155b   Thumb Code    74  stm32f10x_usart.o(.text)
    USART_DMACmd                             0x080015a5   Thumb Code    18  stm32f10x_usart.o(.text)
    USART_SetAddress                         0x080015b7   Thumb Code    18  stm32f10x_usart.o(.text)
    USART_WakeUpConfig                       0x080015c9   Thumb Code    18  stm32f10x_usart.o(.text)
    USART_ReceiverWakeUpCmd                  0x080015db   Thumb Code    24  stm32f10x_usart.o(.text)
    USART_LINBreakDetectLengthConfig         0x080015f3   Thumb Code    18  stm32f10x_usart.o(.text)
    USART_LINCmd                             0x08001605   Thumb Code    24  stm32f10x_usart.o(.text)
    USART_SendData                           0x0800161d   Thumb Code     8  stm32f10x_usart.o(.text)
    USART_ReceiveData                        0x08001625   Thumb Code    10  stm32f10x_usart.o(.text)
    USART_SendBreak                          0x0800162f   Thumb Code    10  stm32f10x_usart.o(.text)
    USART_SetGuardTime                       0x08001639   Thumb Code    16  stm32f10x_usart.o(.text)
    USART_SetPrescaler                       0x08001649   Thumb Code    16  stm32f10x_usart.o(.text)
    USART_SmartCardCmd                       0x08001659   Thumb Code    24  stm32f10x_usart.o(.text)
    USART_SmartCardNACKCmd                   0x08001671   Thumb Code    24  stm32f10x_usart.o(.text)
    USART_HalfDuplexCmd                      0x08001689   Thumb Code    24  stm32f10x_usart.o(.text)
    USART_OverSampling8Cmd                   0x080016a1   Thumb Code    22  stm32f10x_usart.o(.text)
    USART_OneBitMethodCmd                    0x080016b7   Thumb Code    24  stm32f10x_usart.o(.text)
    USART_IrDAConfig                         0x080016cf   Thumb Code    18  stm32f10x_usart.o(.text)
    USART_IrDACmd                            0x080016e1   Thumb Code    24  stm32f10x_usart.o(.text)
    USART_GetFlagStatus                      0x080016f9   Thumb Code    26  stm32f10x_usart.o(.text)
    USART_ClearFlag                          0x08001713   Thumb Code    18  stm32f10x_usart.o(.text)
    USART_GetITStatus                        0x08001725   Thumb Code    84  stm32f10x_usart.o(.text)
    USART_ClearITPendingBit                  0x08001779   Thumb Code    52  stm32f10x_usart.o(.text)
    DMA_DeInit                               0x080017ad   Thumb Code   324  stm32f10x_dma.o(.text)
    DMA_Init                                 0x080018f1   Thumb Code    60  stm32f10x_dma.o(.text)
    DMA_StructInit                           0x0800192d   Thumb Code    26  stm32f10x_dma.o(.text)
    DMA_Cmd                                  0x08001947   Thumb Code    24  stm32f10x_dma.o(.text)
    DMA_ITConfig                             0x0800195f   Thumb Code    18  stm32f10x_dma.o(.text)
    DMA_SetCurrDataCounter                   0x08001971   Thumb Code     4  stm32f10x_dma.o(.text)
    DMA_GetCurrDataCounter                   0x08001975   Thumb Code     8  stm32f10x_dma.o(.text)
    DMA_GetFlagStatus                        0x0800197d   Thumb Code    38  stm32f10x_dma.o(.text)
    DMA_ClearFlag                            0x080019a3   Thumb Code    22  stm32f10x_dma.o(.text)
    DMA_GetITStatus                          0x080019b9   Thumb Code    38  stm32f10x_dma.o(.text)
    DMA_ClearITPendingBit                    0x080019df   Thumb Code    22  stm32f10x_dma.o(.text)
    TIM_DeInit                               0x080019fd   Thumb Code   424  stm32f10x_tim.o(.text)
    TIM_TimeBaseInit                         0x08001ba5   Thumb Code   122  stm32f10x_tim.o(.text)
    TIM_OC1Init                              0x08001c1f   Thumb Code   132  stm32f10x_tim.o(.text)
    TIM_OC2Init                              0x08001ca3   Thumb Code   154  stm32f10x_tim.o(.text)
    TIM_OC3Init                              0x08001d3d   Thumb Code   150  stm32f10x_tim.o(.text)
    TIM_OC4Init                              0x08001dd3   Thumb Code   182  stm32f10x_tim.o(.text)
    TIM_SetIC4Prescaler                      0x08001e89   Thumb Code    26  stm32f10x_tim.o(.text)
    TIM_SetIC3Prescaler                      0x08001f25   Thumb Code    18  stm32f10x_tim.o(.text)
    TIM_SetIC2Prescaler                      0x08001fb1   Thumb Code    26  stm32f10x_tim.o(.text)
    TIM_SetIC1Prescaler                      0x0800204d   Thumb Code    18  stm32f10x_tim.o(.text)
    TIM_ICInit                               0x080020cb   Thumb Code   150  stm32f10x_tim.o(.text)
    TIM_PWMIConfig                           0x08002161   Thumb Code   124  stm32f10x_tim.o(.text)
    TIM_BDTRConfig                           0x080021dd   Thumb Code    32  stm32f10x_tim.o(.text)
    TIM_TimeBaseStructInit                   0x080021fd   Thumb Code    18  stm32f10x_tim.o(.text)
    TIM_OCStructInit                         0x0800220f   Thumb Code    20  stm32f10x_tim.o(.text)
    TIM_ICStructInit                         0x08002223   Thumb Code    18  stm32f10x_tim.o(.text)
    TIM_BDTRStructInit                       0x08002235   Thumb Code    40  stm32f10x_tim.o(.text)
    TIM_Cmd                                  0x0800225d   Thumb Code    24  stm32f10x_tim.o(.text)
    TIM_CtrlPWMOutputs                       0x08002275   Thumb Code    30  stm32f10x_tim.o(.text)
    TIM_ITConfig                             0x08002293   Thumb Code    18  stm32f10x_tim.o(.text)
    TIM_GenerateEvent                        0x080022a5   Thumb Code     4  stm32f10x_tim.o(.text)
    TIM_DMAConfig                            0x080022a9   Thumb Code    10  stm32f10x_tim.o(.text)
    TIM_DMACmd                               0x080022b3   Thumb Code    18  stm32f10x_tim.o(.text)
    TIM_InternalClockConfig                  0x080022c5   Thumb Code    12  stm32f10x_tim.o(.text)
    TIM_SelectInputTrigger                   0x080022d1   Thumb Code    18  stm32f10x_tim.o(.text)
    TIM_ITRxExternalClockConfig              0x080022e3   Thumb Code    24  stm32f10x_tim.o(.text)
    TIM_TIxExternalClockConfig               0x080022fb   Thumb Code    62  stm32f10x_tim.o(.text)
    TIM_ETRConfig                            0x08002339   Thumb Code    28  stm32f10x_tim.o(.text)
    TIM_ETRClockMode1Config                  0x08002355   Thumb Code    54  stm32f10x_tim.o(.text)
    TIM_ETRClockMode2Config                  0x0800238b   Thumb Code    32  stm32f10x_tim.o(.text)
    TIM_PrescalerConfig                      0x080023ab   Thumb Code     6  stm32f10x_tim.o(.text)
    TIM_CounterModeConfig                    0x080023b1   Thumb Code    18  stm32f10x_tim.o(.text)
    TIM_EncoderInterfaceConfig               0x080023c3   Thumb Code    66  stm32f10x_tim.o(.text)
    TIM_ForcedOC1Config                      0x08002405   Thumb Code    18  stm32f10x_tim.o(.text)
    TIM_ForcedOC2Config                      0x08002417   Thumb Code    26  stm32f10x_tim.o(.text)
    TIM_ForcedOC3Config                      0x08002431   Thumb Code    18  stm32f10x_tim.o(.text)
    TIM_ForcedOC4Config                      0x08002443   Thumb Code    26  stm32f10x_tim.o(.text)
    TIM_ARRPreloadConfig                     0x0800245d   Thumb Code    24  stm32f10x_tim.o(.text)
    TIM_SelectCOM                            0x08002475   Thumb Code    24  stm32f10x_tim.o(.text)
    TIM_SelectCCDMA                          0x0800248d   Thumb Code    24  stm32f10x_tim.o(.text)
    TIM_CCPreloadControl                     0x080024a5   Thumb Code    24  stm32f10x_tim.o(.text)
    TIM_OC1PreloadConfig                     0x080024bd   Thumb Code    18  stm32f10x_tim.o(.text)
    TIM_OC2PreloadConfig                     0x080024cf   Thumb Code    26  stm32f10x_tim.o(.text)
    TIM_OC3PreloadConfig                     0x080024e9   Thumb Code    18  stm32f10x_tim.o(.text)
    TIM_OC4PreloadConfig                     0x080024fb   Thumb Code    26  stm32f10x_tim.o(.text)
    TIM_OC1FastConfig                        0x08002515   Thumb Code    18  stm32f10x_tim.o(.text)
    TIM_OC2FastConfig                        0x08002527   Thumb Code    26  stm32f10x_tim.o(.text)
    TIM_OC3FastConfig                        0x08002541   Thumb Code    18  stm32f10x_tim.o(.text)
    TIM_OC4FastConfig                        0x08002553   Thumb Code    26  stm32f10x_tim.o(.text)
    TIM_ClearOC1Ref                          0x0800256d   Thumb Code    18  stm32f10x_tim.o(.text)
    TIM_ClearOC2Ref                          0x0800257f   Thumb Code    24  stm32f10x_tim.o(.text)
    TIM_ClearOC3Ref                          0x08002597   Thumb Code    18  stm32f10x_tim.o(.text)
    TIM_ClearOC4Ref                          0x080025a9   Thumb Code    24  stm32f10x_tim.o(.text)
    TIM_OC1PolarityConfig                    0x080025c1   Thumb Code    18  stm32f10x_tim.o(.text)
    TIM_OC1NPolarityConfig                   0x080025d3   Thumb Code    18  stm32f10x_tim.o(.text)
    TIM_OC2PolarityConfig                    0x080025e5   Thumb Code    26  stm32f10x_tim.o(.text)
    TIM_OC2NPolarityConfig                   0x080025ff   Thumb Code    26  stm32f10x_tim.o(.text)
    TIM_OC3PolarityConfig                    0x08002619   Thumb Code    26  stm32f10x_tim.o(.text)
    TIM_OC3NPolarityConfig                   0x08002633   Thumb Code    26  stm32f10x_tim.o(.text)
    TIM_OC4PolarityConfig                    0x0800264d   Thumb Code    26  stm32f10x_tim.o(.text)
    TIM_CCxCmd                               0x08002667   Thumb Code    30  stm32f10x_tim.o(.text)
    TIM_CCxNCmd                              0x08002685   Thumb Code    30  stm32f10x_tim.o(.text)
    TIM_SelectOCxM                           0x080026a3   Thumb Code    82  stm32f10x_tim.o(.text)
    TIM_UpdateDisableConfig                  0x080026f5   Thumb Code    24  stm32f10x_tim.o(.text)
    TIM_UpdateRequestConfig                  0x0800270d   Thumb Code    24  stm32f10x_tim.o(.text)
    TIM_SelectHallSensor                     0x08002725   Thumb Code    24  stm32f10x_tim.o(.text)
    TIM_SelectOnePulseMode                   0x0800273d   Thumb Code    18  stm32f10x_tim.o(.text)
    TIM_SelectOutputTrigger                  0x0800274f   Thumb Code    18  stm32f10x_tim.o(.text)
    TIM_SelectSlaveMode                      0x08002761   Thumb Code    18  stm32f10x_tim.o(.text)
    TIM_SelectMasterSlaveMode                0x08002773   Thumb Code    18  stm32f10x_tim.o(.text)
    TIM_SetCounter                           0x08002785   Thumb Code     4  stm32f10x_tim.o(.text)
    TIM_SetAutoreload                        0x08002789   Thumb Code     4  stm32f10x_tim.o(.text)
    TIM_SetCompare1                          0x0800278d   Thumb Code     4  stm32f10x_tim.o(.text)
    TIM_SetCompare2                          0x08002791   Thumb Code     4  stm32f10x_tim.o(.text)
    TIM_SetCompare3                          0x08002795   Thumb Code     4  stm32f10x_tim.o(.text)
    TIM_SetCompare4                          0x08002799   Thumb Code     6  stm32f10x_tim.o(.text)
    TIM_SetClockDivision                     0x0800279f   Thumb Code    18  stm32f10x_tim.o(.text)
    TIM_GetCapture1                          0x080027b1   Thumb Code     6  stm32f10x_tim.o(.text)
    TIM_GetCapture2                          0x080027b7   Thumb Code     6  stm32f10x_tim.o(.text)
    TIM_GetCapture3                          0x080027bd   Thumb Code     6  stm32f10x_tim.o(.text)
    TIM_GetCapture4                          0x080027c3   Thumb Code     8  stm32f10x_tim.o(.text)
    TIM_GetCounter                           0x080027cb   Thumb Code     6  stm32f10x_tim.o(.text)
    TIM_GetPrescaler                         0x080027d1   Thumb Code     6  stm32f10x_tim.o(.text)
    TIM_GetFlagStatus                        0x080027d7   Thumb Code    18  stm32f10x_tim.o(.text)
    TIM_ClearFlag                            0x080027e9   Thumb Code     6  stm32f10x_tim.o(.text)
    TIM_GetITStatus                          0x080027ef   Thumb Code    34  stm32f10x_tim.o(.text)
    TIM_ClearITPendingBit                    0x08002811   Thumb Code     6  stm32f10x_tim.o(.text)
    delay_init                               0x08002819   Thumb Code    50  delay.o(.text)
    delay_us                                 0x0800284b   Thumb Code    70  delay.o(.text)
    delay_ms                                 0x08002891   Thumb Code    70  delay.o(.text)
    NVIC_Configuration                       0x080028e9   Thumb Code    12  sys.o(.text)
    _sys_exit                                0x080028f5   Thumb Code     6  usart.o(.text)
    fputc                                    0x080028fb   Thumb Code    22  usart.o(.text)
    CLR_Buf                                  0x08002911   Thumb Code    18  usart.o(.text)
    uart_init                                0x08002923   Thumb Code   156  usart.o(.text)
    USART1_IRQHandler                        0x080029bf   Thumb Code   134  usart.o(.text)
    Hand                                     0x08002a45   Thumb Code    22  usart.o(.text)
    clrStruct                                0x08002a5b   Thumb Code    72  usart.o(.text)
    __use_no_semihosting                     0x08002ab9   Thumb Code     2  use_no_semi_2.o(.text)
    __c89vsprintf                            0x08002abd   Thumb Code    32  c89vsprintf.o(.text)
    __2printf                                0x08002ae1   Thumb Code    20  __2printf.o(.text)
    __2sprintf                               0x08002af9   Thumb Code    38  __2sprintf.o(.text)
    _printf_int_dec                          0x08002b25   Thumb Code   102  _printf_dec.o(.text)
    __printf                                 0x08002b9d   Thumb Code   390  __printf_flags_ss_wp.o(.text)
    strstr                                   0x08002d29   Thumb Code    36  strstr.o(.text)
    strcpy                                   0x08002d4d   Thumb Code    72  strcpy.o(.text)
    strlen                                   0x08002d95   Thumb Code    62  strlen.o(.text)
    strcat                                   0x08002dd3   Thumb Code    24  strcat.o(.text)
    __aeabi_memcpy                           0x08002deb   Thumb Code     0  rt_memcpy_v6.o(.text)
    __rt_memcpy                              0x08002deb   Thumb Code   138  rt_memcpy_v6.o(.text)
    _memcpy_lastbytes                        0x08002e51   Thumb Code     0  rt_memcpy_v6.o(.text)
    __aeabi_memclr                           0x08002e75   Thumb Code     0  rt_memclr.o(.text)
    __rt_memclr                              0x08002e75   Thumb Code    68  rt_memclr.o(.text)
    _memset                                  0x08002e79   Thumb Code     0  rt_memclr.o(.text)
    __aeabi_memclr4                          0x08002eb9   Thumb Code     0  rt_memclr_w.o(.text)
    __aeabi_memclr8                          0x08002eb9   Thumb Code     0  rt_memclr_w.o(.text)
    __rt_memclr_w                            0x08002eb9   Thumb Code    78  rt_memclr_w.o(.text)
    _memset_w                                0x08002ebd   Thumb Code     0  rt_memclr_w.o(.text)
    __use_two_region_memory                  0x08002f07   Thumb Code     2  heapauxi.o(.text)
    __rt_heap_escrow$2region                 0x08002f09   Thumb Code     2  heapauxi.o(.text)
    __rt_heap_expand$2region                 0x08002f0b   Thumb Code     2  heapauxi.o(.text)
    __I$use$semihosting                      0x08002f0d   Thumb Code     0  use_no_semi.o(.text)
    __use_no_semihosting_swi                 0x08002f0d   Thumb Code     2  use_no_semi.o(.text)
    _printf_pre_padding                      0x08002f0f   Thumb Code    46  _printf_pad.o(.text)
    _printf_post_padding                     0x08002f3d   Thumb Code    36  _printf_pad.o(.text)
    _printf_truncate_signed                  0x08002f61   Thumb Code    18  _printf_truncate.o(.text)
    _printf_truncate_unsigned                0x08002f73   Thumb Code    18  _printf_truncate.o(.text)
    _printf_str                              0x08002f85   Thumb Code    82  _printf_str.o(.text)
    _printf_int_common                       0x08002fd7   Thumb Code   184  _printf_intcommon.o(.text)
    _printf_charcount                        0x0800308f   Thumb Code    42  _printf_charcount.o(.text)
    _printf_char_common                      0x080030c3   Thumb Code    32  _printf_char_common.o(.text)
    _sputc                                   0x080030e9   Thumb Code    10  _sputc.o(.text)
    _printf_char_file                        0x080030f5   Thumb Code    32  _printf_char_file.o(.text)
    _printf_wctomb                           0x08003119   Thumb Code   182  _printf_wctomb.o(.text)
    _printf_longlong_dec                     0x080031d5   Thumb Code   104  _printf_longlong_dec.o(.text)
    _printf_longlong_oct                     0x0800324d   Thumb Code    76  _printf_oct_int_ll.o(.text)
    _printf_int_oct                          0x08003299   Thumb Code    24  _printf_oct_int_ll.o(.text)
    _printf_ll_oct                           0x080032b1   Thumb Code    12  _printf_oct_int_ll.o(.text)
    _printf_longlong_hex                     0x080032c5   Thumb Code    92  _printf_hex_int_ll_ptr.o(.text)
    _printf_int_hex                          0x08003321   Thumb Code    28  _printf_hex_int_ll_ptr.o(.text)
    _printf_ll_hex                           0x0800333d   Thumb Code    12  _printf_hex_int_ll_ptr.o(.text)
    _printf_hex_ptr                          0x08003349   Thumb Code    18  _printf_hex_int_ll_ptr.o(.text)
    __aeabi_memcpy4                          0x08003361   Thumb Code     0  rt_memcpy_w.o(.text)
    __aeabi_memcpy8                          0x08003361   Thumb Code     0  rt_memcpy_w.o(.text)
    __rt_memcpy_w                            0x08003361   Thumb Code   100  rt_memcpy_w.o(.text)
    _memcpy_lastbytes_aligned                0x080033a9   Thumb Code     0  rt_memcpy_w.o(.text)
    _ll_udiv10                               0x080033c5   Thumb Code   138  lludiv10.o(.text)
    __lib_sel_fp_printf                      0x0800344f   Thumb Code     2  _printf_fp_dec.o(.text)
    _printf_fp_dec_real                      0x080035fb   Thumb Code   628  _printf_fp_dec.o(.text)
    _printf_cs_common                        0x0800386f   Thumb Code    20  _printf_char.o(.text)
    _printf_char                             0x08003883   Thumb Code    16  _printf_char.o(.text)
    _printf_string                           0x08003893   Thumb Code     8  _printf_char.o(.text)
    _printf_lcs_common                       0x0800389b   Thumb Code    20  _printf_wchar.o(.text)
    _printf_wchar                            0x080038af   Thumb Code    16  _printf_wchar.o(.text)
    _printf_wstring                          0x080038bf   Thumb Code     8  _printf_wchar.o(.text)
    ferror                                   0x080038c7   Thumb Code     8  ferror.o(.text)
    _wcrtomb                                 0x080038cf   Thumb Code    64  _wcrtomb.o(.text)
    __user_setup_stackheap                   0x0800390f   Thumb Code    74  sys_stackheap_outer.o(.text)
    __rt_ctype_table                         0x08003959   Thumb Code    16  rt_ctype_table.o(.text)
    __rt_locale                              0x08003969   Thumb Code     8  rt_locale_intlibspace.o(.text)
    _printf_fp_infnan                        0x08003971   Thumb Code   112  _printf_fp_infnan.o(.text)
    _btod_etento                             0x080039f1   Thumb Code   222  bigflt0.o(.text)
    exit                                     0x08003ad5   Thumb Code    12  exit.o(.text)
    __user_libspace                          0x08003ae1   Thumb Code     8  libspace.o(.text)
    __user_perproc_libspace                  0x08003ae1   Thumb Code     0  libspace.o(.text)
    __user_perthread_libspace                0x08003ae1   Thumb Code     0  libspace.o(.text)
    strcmp                                   0x08003ae9   Thumb Code   128  strcmpv7m.o(.text)
    _btod_d2e                                0x08003b69   Thumb Code    62  btod.o(CL$$btod_d2e)
    _d2e_denorm_low                          0x08003ba7   Thumb Code    70  btod.o(CL$$btod_d2e_denorm_low)
    _d2e_norm_op1                            0x08003bed   Thumb Code    96  btod.o(CL$$btod_d2e_norm_op1)
    __btod_div_common                        0x08003c4d   Thumb Code   696  btod.o(CL$$btod_div_common)
    _e2e                                     0x08003f85   Thumb Code   198  btod.o(CL$$btod_e2e)
    _btod_ediv                               0x0800404b   Thumb Code    40  btod.o(CL$$btod_ediv)
    _btod_emul                               0x08004073   Thumb Code    40  btod.o(CL$$btod_emul)
    __btod_mult_common                       0x0800409b   Thumb Code   580  btod.o(CL$$btod_mult_common)
    __ARM_fpclassify                         0x080042df   Thumb Code    40  fpclassify.o(i.__ARM_fpclassify)
    _is_digit                                0x08004307   Thumb Code    14  __printf_wp.o(i._is_digit)
    _get_lc_numeric                          0x08004315   Thumb Code    44  lc_numeric_c.o(locale$$code)
    _get_lc_ctype                            0x08004341   Thumb Code    44  lc_ctype_c.o(locale$$code)
    _printf_fp_dec                           0x0800436d   Thumb Code     4  printf1.o(x$fpl$printf1)
    __I$use$fp                               0x08004370   Number         0  usenofp.o(x$fpl$usenofp)
    Region$$Table$$Base                      0x08004448   Number         0  anon$$obj.o(Region$$Table)
    Region$$Table$$Limit                     0x08004468   Number         0  anon$$obj.o(Region$$Table)
    __ctype                                  0x08004491   Data           0  lc_ctype_c.o(locale$$data)
    Time_Cont                                0x20000000   Data           4  main.o(.data)
    count                                    0x20000004   Data           4  main.o(.data)
    phoneNumber                              0x20000008   Data          12  main.o(.data)
    msg                                      0x20000014   Data          20  main.o(.data)
    TCPServer                                0x20000028   Data          15  main.o(.data)
    Port                                     0x20000037   Data           6  main.o(.data)
    SystemCoreClock                          0x20000040   Data           4  system_stm32f10x.o(.data)
    AHBPrescTable                            0x20000044   Data          16  system_stm32f10x.o(.data)
    point2                                   0x20000054   Data           2  usart2.o(.data)
    USART2_RX_STA                            0x20000056   Data           2  usart2.o(.data)
    point1                                   0x20000070   Data           2  usart.o(.data)
    USART_RX_STA                             0x20000072   Data           2  usart.o(.data)
    rxdatabufer                              0x20000074   Data           1  usart.o(.data)
    __stdout                                 0x20000078   Data           4  usart.o(.data)
    USART2_TX_BUF                            0x20000080   Data         200  usart2.o(.bss)
    USART2_RX_BUF                            0x20000148   Data         200  usart2.o(.bss)
    Save_Data                                0x20000210   Data         121  usart.o(.bss)
    USART_RX_BUF                             0x20000289   Data         200  usart.o(.bss)
    __libspace_start                         0x20000354   Data          96  libspace.o(.bss)
    __temporary_stack_top$libspace           0x200003b4   Data           0  libspace.o(.bss)



==============================================================================

Memory Map of the image

  Image Entry point : 0x080000ed

  Load Region LR_IROM1 (Base: 0x08000000, Size: 0x00004610, Max: 0x00010000, ABSOLUTE)

    Execution Region ER_IROM1 (Base: 0x08000000, Size: 0x00004594, Max: 0x00010000, ABSOLUTE)

    Base Addr    Size         Type   Attr      Idx    E Section Name        Object

    0x08000000   0x000000ec   Data   RO          181    RESET               startup_stm32f10x_md.o
    0x080000ec   0x00000008   Code   RO          365  * !!!main             c_w.l(__main.o)
    0x080000f4   0x00000034   Code   RO          654    !!!scatter          c_w.l(__scatter.o)
    0x08000128   0x0000001a   Code   RO          656    !!handler_copy      c_w.l(__scatter_copy.o)
    0x08000142   0x00000002   PAD
    0x08000144   0x0000001c   Code   RO          658    !!handler_zi        c_w.l(__scatter_zi.o)
    0x08000160   0x00000000   Code   RO          348    .ARM.Collect$$_printf_percent$$00000000  c_w.l(_printf_percent.o)
    0x08000160   0x00000006   Code   RO          420    .ARM.Collect$$_printf_percent$$00000001  c_w.l(_printf_n.o)
    0x08000166   0x00000006   Code   RO          422    .ARM.Collect$$_printf_percent$$00000002  c_w.l(_printf_p.o)
    0x0800016c   0x00000006   Code   RO          426    .ARM.Collect$$_printf_percent$$00000003  c_w.l(_printf_f.o)
    0x08000172   0x00000006   Code   RO          427    .ARM.Collect$$_printf_percent$$00000004  c_w.l(_printf_e.o)
    0x08000178   0x00000006   Code   RO          428    .ARM.Collect$$_printf_percent$$00000005  c_w.l(_printf_g.o)
    0x0800017e   0x00000006   Code   RO          429    .ARM.Collect$$_printf_percent$$00000006  c_w.l(_printf_a.o)
    0x08000184   0x0000000a   Code   RO          434    .ARM.Collect$$_printf_percent$$00000007  c_w.l(_printf_ll.o)
    0x0800018e   0x00000006   Code   RO          424    .ARM.Collect$$_printf_percent$$00000008  c_w.l(_printf_i.o)
    0x08000194   0x00000006   Code   RO          347    .ARM.Collect$$_printf_percent$$00000009  c_w.l(_printf_d.o)
    0x0800019a   0x00000006   Code   RO          425    .ARM.Collect$$_printf_percent$$0000000A  c_w.l(_printf_u.o)
    0x080001a0   0x00000006   Code   RO          423    .ARM.Collect$$_printf_percent$$0000000B  c_w.l(_printf_o.o)
    0x080001a6   0x00000006   Code   RO          421    .ARM.Collect$$_printf_percent$$0000000C  c_w.l(_printf_x.o)
    0x080001ac   0x00000006   Code   RO          431    .ARM.Collect$$_printf_percent$$0000000D  c_w.l(_printf_lli.o)
    0x080001b2   0x00000006   Code   RO          432    .ARM.Collect$$_printf_percent$$0000000E  c_w.l(_printf_lld.o)
    0x080001b8   0x00000006   Code   RO          433    .ARM.Collect$$_printf_percent$$0000000F  c_w.l(_printf_llu.o)
    0x080001be   0x00000006   Code   RO          438    .ARM.Collect$$_printf_percent$$00000010  c_w.l(_printf_llo.o)
    0x080001c4   0x00000006   Code   RO          439    .ARM.Collect$$_printf_percent$$00000011  c_w.l(_printf_llx.o)
    0x080001ca   0x0000000a   Code   RO          435    .ARM.Collect$$_printf_percent$$00000012  c_w.l(_printf_l.o)
    0x080001d4   0x00000006   Code   RO          418    .ARM.Collect$$_printf_percent$$00000013  c_w.l(_printf_c.o)
    0x080001da   0x00000006   Code   RO          419    .ARM.Collect$$_printf_percent$$00000014  c_w.l(_printf_s.o)
    0x080001e0   0x00000006   Code   RO          436    .ARM.Collect$$_printf_percent$$00000015  c_w.l(_printf_lc.o)
    0x080001e6   0x00000006   Code   RO          437    .ARM.Collect$$_printf_percent$$00000016  c_w.l(_printf_ls.o)
    0x080001ec   0x00000004   Code   RO          430    .ARM.Collect$$_printf_percent$$00000017  c_w.l(_printf_percent_end.o)
    0x080001f0   0x00000002   Code   RO          521    .ARM.Collect$$libinit$$00000000  c_w.l(libinit.o)
    0x080001f2   0x00000000   Code   RO          538    .ARM.Collect$$libinit$$00000002  c_w.l(libinit2.o)
    0x080001f2   0x00000000   Code   RO          541    .ARM.Collect$$libinit$$00000008  c_w.l(libinit2.o)
    0x080001f2   0x00000000   Code   RO          543    .ARM.Collect$$libinit$$0000000A  c_w.l(libinit2.o)
    0x080001f2   0x00000000   Code   RO          545    .ARM.Collect$$libinit$$0000000C  c_w.l(libinit2.o)
    0x080001f2   0x00000006   Code   RO          546    .ARM.Collect$$libinit$$0000000D  c_w.l(libinit2.o)
    0x080001f8   0x00000000   Code   RO          548    .ARM.Collect$$libinit$$0000000F  c_w.l(libinit2.o)
    0x080001f8   0x0000000c   Code   RO          549    .ARM.Collect$$libinit$$00000010  c_w.l(libinit2.o)
    0x08000204   0x00000000   Code   RO          550    .ARM.Collect$$libinit$$00000011  c_w.l(libinit2.o)
    0x08000204   0x00000000   Code   RO          552    .ARM.Collect$$libinit$$00000013  c_w.l(libinit2.o)
    0x08000204   0x0000000a   Code   RO          553    .ARM.Collect$$libinit$$00000014  c_w.l(libinit2.o)
    0x0800020e   0x00000000   Code   RO          554    .ARM.Collect$$libinit$$00000015  c_w.l(libinit2.o)
    0x0800020e   0x00000000   Code   RO          556    .ARM.Collect$$libinit$$00000017  c_w.l(libinit2.o)
    0x0800020e   0x00000000   Code   RO          558    .ARM.Collect$$libinit$$00000019  c_w.l(libinit2.o)
    0x0800020e   0x00000000   Code   RO          560    .ARM.Collect$$libinit$$0000001B  c_w.l(libinit2.o)
    0x0800020e   0x00000000   Code   RO          562    .ARM.Collect$$libinit$$0000001D  c_w.l(libinit2.o)
    0x0800020e   0x00000000   Code   RO          564    .ARM.Collect$$libinit$$0000001F  c_w.l(libinit2.o)
    0x0800020e   0x00000000   Code   RO          566    .ARM.Collect$$libinit$$00000021  c_w.l(libinit2.o)
    0x0800020e   0x00000000   Code   RO          568    .ARM.Collect$$libinit$$00000023  c_w.l(libinit2.o)
    0x0800020e   0x00000000   Code   RO          572    .ARM.Collect$$libinit$$0000002A  c_w.l(libinit2.o)
    0x0800020e   0x00000000   Code   RO          574    .ARM.Collect$$libinit$$0000002C  c_w.l(libinit2.o)
    0x0800020e   0x00000000   Code   RO          576    .ARM.Collect$$libinit$$0000002E  c_w.l(libinit2.o)
    0x0800020e   0x00000000   Code   RO          578    .ARM.Collect$$libinit$$00000030  c_w.l(libinit2.o)
    0x0800020e   0x00000002   Code   RO          579    .ARM.Collect$$libinit$$00000031  c_w.l(libinit2.o)
    0x08000210   0x00000002   Code   RO          597    .ARM.Collect$$libshutdown$$00000000  c_w.l(libshutdown.o)
    0x08000212   0x00000000   Code   RO          608    .ARM.Collect$$libshutdown$$00000003  c_w.l(libshutdown2.o)
    0x08000212   0x00000000   Code   RO          611    .ARM.Collect$$libshutdown$$00000006  c_w.l(libshutdown2.o)
    0x08000212   0x00000000   Code   RO          614    .ARM.Collect$$libshutdown$$00000009  c_w.l(libshutdown2.o)
    0x08000212   0x00000000   Code   RO          616    .ARM.Collect$$libshutdown$$0000000B  c_w.l(libshutdown2.o)
    0x08000212   0x00000000   Code   RO          619    .ARM.Collect$$libshutdown$$0000000E  c_w.l(libshutdown2.o)
    0x08000212   0x00000002   Code   RO          620    .ARM.Collect$$libshutdown$$0000000F  c_w.l(libshutdown2.o)
    0x08000214   0x00000000   Code   RO          369    .ARM.Collect$$rtentry$$00000000  c_w.l(rtentry.o)
    0x08000214   0x00000000   Code   RO          445    .ARM.Collect$$rtentry$$00000002  c_w.l(rtentry2.o)
    0x08000214   0x00000006   Code   RO          457    .ARM.Collect$$rtentry$$00000004  c_w.l(rtentry4.o)
    0x0800021a   0x00000000   Code   RO          447    .ARM.Collect$$rtentry$$00000009  c_w.l(rtentry2.o)
    0x0800021a   0x00000004   Code   RO          448    .ARM.Collect$$rtentry$$0000000A  c_w.l(rtentry2.o)
    0x0800021e   0x00000000   Code   RO          450    .ARM.Collect$$rtentry$$0000000C  c_w.l(rtentry2.o)
    0x0800021e   0x00000008   Code   RO          451    .ARM.Collect$$rtentry$$0000000D  c_w.l(rtentry2.o)
    0x08000226   0x00000002   Code   RO          530    .ARM.Collect$$rtexit$$00000000  c_w.l(rtexit.o)
    0x08000228   0x00000000   Code   RO          581    .ARM.Collect$$rtexit$$00000002  c_w.l(rtexit2.o)
    0x08000228   0x00000004   Code   RO          582    .ARM.Collect$$rtexit$$00000003  c_w.l(rtexit2.o)
    0x0800022c   0x00000006   Code   RO          583    .ARM.Collect$$rtexit$$00000004  c_w.l(rtexit2.o)
    0x08000232   0x00000002   PAD
    0x08000234   0x000004ac   Code   RO            1    .text               main.o
    0x080006e0   0x00000018   Code   RO           77    .text               stm32f10x_it.o
    0x080006f8   0x000001dc   Code   RO           92    .text               system_stm32f10x.o
    0x080008d4   0x00000038   Code   RO          110    .text               led.o
    0x0800090c   0x00000280   Code   RO          142    .text               usart2.o
    0x08000b8c   0x00000040   Code   RO          182    .text               startup_stm32f10x_md.o
    0x08000bcc   0x000000dc   Code   RO          186    .text               misc.o
    0x08000ca8   0x00000358   Code   RO          198    .text               stm32f10x_gpio.o
    0x08001000   0x000003a4   Code   RO          210    .text               stm32f10x_rcc.o
    0x080013a4   0x00000408   Code   RO          224    .text               stm32f10x_usart.o
    0x080017ac   0x00000250   Code   RO          236    .text               stm32f10x_dma.o
    0x080019fc   0x00000e1a   Code   RO          248    .text               stm32f10x_tim.o
    0x08002816   0x00000002   PAD
    0x08002818   0x000000d0   Code   RO          260    .text               delay.o
    0x080028e8   0x0000000c   Code   RO          274    .text               sys.o
    0x080028f4   0x000001c4   Code   RO          286    .text               usart.o
    0x08002ab8   0x00000002   Code   RO          311    .text               c_w.l(use_no_semi_2.o)
    0x08002aba   0x00000002   PAD
    0x08002abc   0x00000024   Code   RO          313    .text               c_w.l(c89vsprintf.o)
    0x08002ae0   0x00000018   Code   RO          315    .text               c_w.l(__2printf.o)
    0x08002af8   0x0000002c   Code   RO          317    .text               c_w.l(__2sprintf.o)
    0x08002b24   0x00000078   Code   RO          325    .text               c_w.l(_printf_dec.o)
    0x08002b9c   0x0000018c   Code   RO          344    .text               c_w.l(__printf_flags_ss_wp.o)
    0x08002d28   0x00000024   Code   RO          349    .text               c_w.l(strstr.o)
    0x08002d4c   0x00000048   Code   RO          351    .text               c_w.l(strcpy.o)
    0x08002d94   0x0000003e   Code   RO          353    .text               c_w.l(strlen.o)
    0x08002dd2   0x00000018   Code   RO          355    .text               c_w.l(strcat.o)
    0x08002dea   0x0000008a   Code   RO          357    .text               c_w.l(rt_memcpy_v6.o)
    0x08002e74   0x00000044   Code   RO          359    .text               c_w.l(rt_memclr.o)
    0x08002eb8   0x0000004e   Code   RO          361    .text               c_w.l(rt_memclr_w.o)
    0x08002f06   0x00000006   Code   RO          363    .text               c_w.l(heapauxi.o)
    0x08002f0c   0x00000002   Code   RO          367    .text               c_w.l(use_no_semi.o)
    0x08002f0e   0x00000052   Code   RO          370    .text               c_w.l(_printf_pad.o)
    0x08002f60   0x00000024   Code   RO          372    .text               c_w.l(_printf_truncate.o)
    0x08002f84   0x00000052   Code   RO          374    .text               c_w.l(_printf_str.o)
    0x08002fd6   0x000000b8   Code   RO          376    .text               c_w.l(_printf_intcommon.o)
    0x0800308e   0x0000002a   Code   RO          378    .text               c_w.l(_printf_charcount.o)
    0x080030b8   0x00000030   Code   RO          380    .text               c_w.l(_printf_char_common.o)
    0x080030e8   0x0000000a   Code   RO          382    .text               c_w.l(_sputc.o)
    0x080030f2   0x00000002   PAD
    0x080030f4   0x00000024   Code   RO          384    .text               c_w.l(_printf_char_file.o)
    0x08003118   0x000000bc   Code   RO          386    .text               c_w.l(_printf_wctomb.o)
    0x080031d4   0x00000078   Code   RO          389    .text               c_w.l(_printf_longlong_dec.o)
    0x0800324c   0x00000078   Code   RO          395    .text               c_w.l(_printf_oct_int_ll.o)
    0x080032c4   0x0000009c   Code   RO          415    .text               c_w.l(_printf_hex_int_ll_ptr.o)
    0x08003360   0x00000064   Code   RO          440    .text               c_w.l(rt_memcpy_w.o)
    0x080033c4   0x0000008a   Code   RO          459    .text               c_w.l(lludiv10.o)
    0x0800344e   0x00000420   Code   RO          461    .text               c_w.l(_printf_fp_dec.o)
    0x0800386e   0x0000002c   Code   RO          465    .text               c_w.l(_printf_char.o)
    0x0800389a   0x0000002c   Code   RO          467    .text               c_w.l(_printf_wchar.o)
    0x080038c6   0x00000008   Code   RO          469    .text               c_w.l(ferror.o)
    0x080038ce   0x00000040   Code   RO          473    .text               c_w.l(_wcrtomb.o)
    0x0800390e   0x0000004a   Code   RO          475    .text               c_w.l(sys_stackheap_outer.o)
    0x08003958   0x00000010   Code   RO          477    .text               c_w.l(rt_ctype_table.o)
    0x08003968   0x00000008   Code   RO          482    .text               c_w.l(rt_locale_intlibspace.o)
    0x08003970   0x00000080   Code   RO          484    .text               c_w.l(_printf_fp_infnan.o)
    0x080039f0   0x000000e4   Code   RO          486    .text               c_w.l(bigflt0.o)
    0x08003ad4   0x0000000c   Code   RO          514    .text               c_w.l(exit.o)
    0x08003ae0   0x00000008   Code   RO          527    .text               c_w.l(libspace.o)
    0x08003ae8   0x00000080   Code   RO          535    .text               c_w.l(strcmpv7m.o)
    0x08003b68   0x0000003e   Code   RO          489    CL$$btod_d2e        c_w.l(btod.o)
    0x08003ba6   0x00000046   Code   RO          491    CL$$btod_d2e_denorm_low  c_w.l(btod.o)
    0x08003bec   0x00000060   Code   RO          490    CL$$btod_d2e_norm_op1  c_w.l(btod.o)
    0x08003c4c   0x00000338   Code   RO          499    CL$$btod_div_common  c_w.l(btod.o)
    0x08003f84   0x000000c6   Code   RO          496    CL$$btod_e2e        c_w.l(btod.o)
    0x0800404a   0x00000028   Code   RO          493    CL$$btod_ediv       c_w.l(btod.o)
    0x08004072   0x00000028   Code   RO          492    CL$$btod_emul       c_w.l(btod.o)
    0x0800409a   0x00000244   Code   RO          498    CL$$btod_mult_common  c_w.l(btod.o)
    0x080042de   0x00000028   Code   RO          525    i.__ARM_fpclassify  m_ws.l(fpclassify.o)
    0x08004306   0x0000000e   Code   RO          337    i._is_digit         c_w.l(__printf_wp.o)
    0x08004314   0x0000002c   Code   RO          512    locale$$code        c_w.l(lc_numeric_c.o)
    0x08004340   0x0000002c   Code   RO          533    locale$$code        c_w.l(lc_ctype_c.o)
    0x0800436c   0x00000004   Code   RO          442    x$fpl$printf1       fz_ws.l(printf1.o)
    0x08004370   0x00000000   Code   RO          524    x$fpl$usenofp       fz_ws.l(usenofp.o)
    0x08004370   0x00000011   Data   RO          345    .constdata          c_w.l(__printf_flags_ss_wp.o)
    0x08004381   0x00000003   PAD
    0x08004384   0x00000008   Data   RO          387    .constdata          c_w.l(_printf_wctomb.o)
    0x0800438c   0x00000028   Data   RO          416    .constdata          c_w.l(_printf_hex_int_ll_ptr.o)
    0x080043b4   0x00000094   Data   RO          487    .constdata          c_w.l(bigflt0.o)
    0x08004448   0x00000020   Data   RO          652    Region$$Table       anon$$obj.o
    0x08004468   0x0000001c   Data   RO          511    locale$$data        c_w.l(lc_numeric_c.o)
    0x08004484   0x00000110   Data   RO          532    locale$$data        c_w.l(lc_ctype_c.o)


    Execution Region RW_IRAM1 (Base: 0x20000000, Size: 0x000009b8, Max: 0x00005000, ABSOLUTE)

    Base Addr    Size         Type   Attr      Idx    E Section Name        Object

    0x20000000   0x0000003d   Data   RW            2    .data               main.o
    0x2000003d   0x00000003   PAD
    0x20000040   0x00000014   Data   RW           93    .data               system_stm32f10x.o
    0x20000054   0x00000004   Data   RW          144    .data               usart2.o
    0x20000058   0x00000014   Data   RW          211    .data               stm32f10x_rcc.o
    0x2000006c   0x00000004   Data   RW          261    .data               delay.o
    0x20000070   0x0000000c   Data   RW          288    .data               usart.o
    0x2000007c   0x00000004   PAD
    0x20000080   0x00000190   Zero   RW          143    .bss                usart2.o
    0x20000210   0x00000141   Zero   RW          287    .bss                usart.o
    0x20000351   0x00000003   PAD
    0x20000354   0x00000060   Zero   RW          528    .bss                c_w.l(libspace.o)
    0x200003b4   0x00000004   PAD
    0x200003b8   0x00000200   Zero   RW          180    HEAP                startup_stm32f10x_md.o
    0x200005b8   0x00000400   Zero   RW          179    STACK               startup_stm32f10x_md.o


==============================================================================

Image component sizes


      Code (inc. data)   RO Data    RW Data    ZI Data      Debug   Object Name

         0          0          0          0          0         32   core_cm3.o
       208         18          0          4          0       1135   delay.o
        56          6          0          0          0     204046   led.o
      1196        366          0         61          0      60966   main.o
       220         20          0          0          0       1901   misc.o
        64         26        236          0       1536        804   startup_stm32f10x_md.o
       592          8          0          0          0       4426   stm32f10x_dma.o
       856         40          0          0          0       5745   stm32f10x_gpio.o
        24          0          0          0          0       1150   stm32f10x_it.o
       932         44          0         20          0       8968   stm32f10x_rcc.o
      3610         88          0          0          0      22228   stm32f10x_tim.o
      1032         22          0          0          0       8468   stm32f10x_usart.o
        12          0          0          0          0        509   sys.o
       476         36          0         20          0       1919   system_stm32f10x.o
       452         22          0         12        321       4778   usart.o
       640         34          0          4        400       3951   usart2.o

    ----------------------------------------------------------------------
     10372        730        268        124       2264     331026   Object Totals
         0          0         32          0          0          0   (incl. Generated)
         2          0          0          3          7          0   (incl. Padding)

    ----------------------------------------------------------------------

      Code (inc. data)   RO Data    RW Data    ZI Data      Debug   Library Member Name

        24          4          0          0          0         84   __2printf.o
        44          6          0          0          0         84   __2sprintf.o
         8          0          0          0          0         68   __main.o
       396          6         17          0          0         92   __printf_flags_ss_wp.o
        14          0          0          0          0         68   __printf_wp.o
        52          8          0          0          0          0   __scatter.o
        26          0          0          0          0          0   __scatter_copy.o
        28          0          0          0          0          0   __scatter_zi.o
         6          0          0          0          0          0   _printf_a.o
         6          0          0          0          0          0   _printf_c.o
        44          0          0          0          0        108   _printf_char.o
        48          6          0          0          0         96   _printf_char_common.o
        36          4          0          0          0         80   _printf_char_file.o
        42          0          0          0          0         68   _printf_charcount.o
         6          0          0          0          0          0   _printf_d.o
       120         18          0          0          0         92   _printf_dec.o
         6          0          0          0          0          0   _printf_e.o
         6          0          0          0          0          0   _printf_f.o
      1056          0          0          0          0        212   _printf_fp_dec.o
       128         16          0          0          0         84   _printf_fp_infnan.o
         6          0          0          0          0          0   _printf_g.o
       156          6         40          0          0        160   _printf_hex_int_ll_ptr.o
         6          0          0          0          0          0   _printf_i.o
       184          0          0          0          0         88   _printf_intcommon.o
        10          0          0          0          0          0   _printf_l.o
         6          0          0          0          0          0   _printf_lc.o
        10          0          0          0          0          0   _printf_ll.o
         6          0          0          0          0          0   _printf_lld.o
         6          0          0          0          0          0   _printf_lli.o
         6          0          0          0          0          0   _printf_llo.o
         6          0          0          0          0          0   _printf_llu.o
         6          0          0          0          0          0   _printf_llx.o
       120         16          0          0          0         92   _printf_longlong_dec.o
         6          0          0          0          0          0   _printf_ls.o
         6          0          0          0          0          0   _printf_n.o
         6          0          0          0          0          0   _printf_o.o
       120          8          0          0          0        124   _printf_oct_int_ll.o
         6          0          0          0          0          0   _printf_p.o
        82          0          0          0          0        108   _printf_pad.o
         0          0          0          0          0          0   _printf_percent.o
         4          0          0          0          0          0   _printf_percent_end.o
         6          0          0          0          0          0   _printf_s.o
        82          0          0          0          0         80   _printf_str.o
        36          0          0          0          0         84   _printf_truncate.o
         6          0          0          0          0          0   _printf_u.o
        44          0          0          0          0        108   _printf_wchar.o
       188          6          8          0          0         92   _printf_wctomb.o
         6          0          0          0          0          0   _printf_x.o
        10          0          0          0          0         68   _sputc.o
        64          0          0          0          0         92   _wcrtomb.o
       228          6        148          0          0         96   bigflt0.o
      1910        128          0          0          0        672   btod.o
        36          4          0          0          0         76   c89vsprintf.o
        12          0          0          0          0         72   exit.o
         8          0          0          0          0         68   ferror.o
         6          0          0          0          0        152   heapauxi.o
        44         10        272          0          0         76   lc_ctype_c.o
        44         10         28          0          0         76   lc_numeric_c.o
         2          0          0          0          0          0   libinit.o
        30          0          0          0          0          0   libinit2.o
         2          0          0          0          0          0   libshutdown.o
         2          0          0          0          0          0   libshutdown2.o
         8          4          0          0         96         68   libspace.o
       138          0          0          0          0         80   lludiv10.o
        16          4          0          0          0         76   rt_ctype_table.o
         8          4          0          0          0         68   rt_locale_intlibspace.o
        68          0          0          0          0         68   rt_memclr.o
        78          0          0          0          0         80   rt_memclr_w.o
       138          0          0          0          0         68   rt_memcpy_v6.o
       100          0          0          0          0         80   rt_memcpy_w.o
         0          0          0          0          0          0   rtentry.o
        12          0          0          0          0          0   rtentry2.o
         6          0          0          0          0          0   rtentry4.o
         2          0          0          0          0          0   rtexit.o
        10          0          0          0          0          0   rtexit2.o
        24          0          0          0          0         68   strcat.o
       128          0          0          0          0         68   strcmpv7m.o
        72          0          0          0          0         80   strcpy.o
        62          0          0          0          0         76   strlen.o
        36          0          0          0          0         80   strstr.o
        74          0          0          0          0         80   sys_stackheap_outer.o
         2          0          0          0          0         68   use_no_semi.o
         2          0          0          0          0         68   use_no_semi_2.o
         4          0          0          0          0         68   printf1.o
         0          0          0          0          0          0   usenofp.o
        40          0          0          0          0         68   fpclassify.o

    ----------------------------------------------------------------------
      6656        274        516          0        100       4832   Library Totals
         8          0          3          0          4          0   (incl. Padding)

    ----------------------------------------------------------------------

      Code (inc. data)   RO Data    RW Data    ZI Data      Debug   Library Name

      6604        274        513          0         96       4696   c_w.l
         4          0          0          0          0         68   fz_ws.l
        40          0          0          0          0         68   m_ws.l

    ----------------------------------------------------------------------
      6656        274        516          0        100       4832   Library Totals

    ----------------------------------------------------------------------

==============================================================================


      Code (inc. data)   RO Data    RW Data    ZI Data      Debug   

     17028       1004        784        124       2364     331698   Grand Totals
     17028       1004        784        124       2364     331698   ELF Image Totals
     17028       1004        784        124          0          0   ROM Totals

==============================================================================

    Total RO  Size (Code + RO Data)                17812 (  17.39kB)
    Total RW  Size (RW Data + ZI Data)              2488 (   2.43kB)
    Total ROM Size (Code + RO Data + RW Data)      17936 (  17.52kB)

==============================================================================

